<html>
<body>
<pre>
<h1>µVision Build Log</h1>
<h2>Tool Versions:</h2>
IDE-Version: ¦ÌVision V5.14.2
Copyright (C) 2015 ARM Ltd and ARM Germany GmbH. All rights reserved.
License Information:  ,  , LIC=MK1CX-H1876-XRJXA-1K9D7-5BIK4-7KESS
 
Tool Versions:
Toolchain:       *** Unknown Product ***  Version: 5.26.2.0
Toolchain Path:  D:\017_Keil_MDK-ARM_V5.26\ARM\ARMCC\Bin
C Compiler:      Armcc.exe V5.06 update 6 (build 750)
Assembler:       Armasm.exe V5.06 update 6 (build 750)
Linker/Locator:  ArmLink.exe V5.06 update 6 (build 750)
Library Manager: ArmAr.exe V5.06 update 6 (build 750)
Hex Converter:   FromElf.exe V5.06 update 6 (build 750)
CPU DLL:         SARMCM3.DLL V5.26.2.0
Dialog DLL:      DCM.DLL V1.17.2.0
Target DLL:      CMSIS_AGDI.dll V1.30.6.0
Dialog DLL:      TCM.DLL V1.36.1.0
 
<h2>Project:</h2>
d:\001_Main\006_STM32_Stalib_EleDesignCom\Project\STM32_StandardLibrary.uvprojx
Project File Date:  06/26/2021

<h2>Output:</h2>
*** Using Compiler 'V5.06 update 6 (build 750)', folder: 'D:\017_Keil_MDK-ARM_V5.26\ARM\ARMCC\Bin'
Build target 'STM32_StandardLibrary'
compiling main.c...
linking...
Program Size: Code=8944 RO-data=336 RW-data=116 ZI-data=1076  
FromELF: creating hex file...
"..\Output\STM32_StandardLibrary.axf" - 0 Error(s), 0 Warning(s).

<h2>Collection of Component include folders:</h2>
  d:\001_Main\006_STM32_Stalib_EleDesignCom\Project\RTE
  D:\017_Keil_MDK-ARM_V5.26\ARM\PACK\Keil\STM32F1xx_DFP\2.1.0\Device\Include

<h2>Collection of Component Files used:</h2>
</pre>
</body>
</html>
