Component: ARM Compiler 5.06 update 6 (build 750) Tool: armlink [4d35ed]

==============================================================================

Section Cross References

    startup_stm32f10x_hd.o(RESET) refers to startup_stm32f10x_hd.o(STACK) for __initial_sp
    startup_stm32f10x_hd.o(RESET) refers to startup_stm32f10x_hd.o(.text) for Reset_Handler
    startup_stm32f10x_hd.o(RESET) refers to stm32f10x_it.o(i.NMI_Handler) for NMI_Handler
    startup_stm32f10x_hd.o(RESET) refers to stm32f10x_it.o(i.HardFault_Handler) for HardFault_Handler
    startup_stm32f10x_hd.o(RESET) refers to stm32f10x_it.o(i.MemManage_Handler) for MemManage_Handler
    startup_stm32f10x_hd.o(RESET) refers to stm32f10x_it.o(i.BusFault_Handler) for BusFault_Handler
    startup_stm32f10x_hd.o(RESET) refers to stm32f10x_it.o(i.UsageFault_Handler) for UsageFault_Handler
    startup_stm32f10x_hd.o(RESET) refers to stm32f10x_it.o(i.SVC_Handler) for SVC_Handler
    startup_stm32f10x_hd.o(RESET) refers to stm32f10x_it.o(i.DebugMon_Handler) for DebugMon_Handler
    startup_stm32f10x_hd.o(RESET) refers to stm32f10x_it.o(i.PendSV_Handler) for PendSV_Handler
    startup_stm32f10x_hd.o(RESET) refers to stm32f10x_it.o(i.SysTick_Handler) for SysTick_Handler
    startup_stm32f10x_hd.o(RESET) refers to stm32f10x_it.o(i.EXTI0_IRQHandler) for EXTI0_IRQHandler
    startup_stm32f10x_hd.o(RESET) refers to stm32f10x_it.o(i.TIM2_IRQHandler) for TIM2_IRQHandler
    startup_stm32f10x_hd.o(RESET) refers to stm32f10x_it.o(i.TIM4_IRQHandler) for TIM4_IRQHandler
    startup_stm32f10x_hd.o(RESET) refers to stm32f10x_it.o(i.EXTI15_10_IRQHandler) for EXTI15_10_IRQHandler
    startup_stm32f10x_hd.o(RESET) refers to stm32f10x_it.o(i.TIM6_IRQHandler) for TIM6_IRQHandler
    startup_stm32f10x_hd.o(.text) refers to system_stm32f10x.o(i.SystemInit) for SystemInit
    startup_stm32f10x_hd.o(.text) refers to entry.o(.ARM.Collect$$$$00000000) for __main
    system_stm32f10x.o(i.SetSysClock) refers to system_stm32f10x.o(i.SetSysClockTo72) for SetSysClockTo72
    system_stm32f10x.o(i.SystemCoreClockUpdate) refers to system_stm32f10x.o(.data) for SystemCoreClock
    system_stm32f10x.o(i.SystemInit) refers to system_stm32f10x.o(i.SetSysClock) for SetSysClock
    stm32f10x_adc.o(i.ADC_DeInit) refers to stm32f10x_rcc.o(i.RCC_APB2PeriphResetCmd) for RCC_APB2PeriphResetCmd
    stm32f10x_bkp.o(i.BKP_DeInit) refers to stm32f10x_rcc.o(i.RCC_BackupResetCmd) for RCC_BackupResetCmd
    stm32f10x_can.o(i.CAN_DeInit) refers to stm32f10x_rcc.o(i.RCC_APB1PeriphResetCmd) for RCC_APB1PeriphResetCmd
    stm32f10x_can.o(i.CAN_GetITStatus) refers to stm32f10x_can.o(i.CheckITStatus) for CheckITStatus
    stm32f10x_cec.o(i.CEC_DeInit) refers to stm32f10x_rcc.o(i.RCC_APB1PeriphResetCmd) for RCC_APB1PeriphResetCmd
    stm32f10x_dac.o(i.DAC_DeInit) refers to stm32f10x_rcc.o(i.RCC_APB1PeriphResetCmd) for RCC_APB1PeriphResetCmd
    stm32f10x_flash.o(i.FLASH_EnableWriteProtection) refers to stm32f10x_flash.o(i.FLASH_WaitForLastOperation) for FLASH_WaitForLastOperation
    stm32f10x_flash.o(i.FLASH_EraseAllBank1Pages) refers to stm32f10x_flash.o(i.FLASH_WaitForLastBank1Operation) for FLASH_WaitForLastBank1Operation
    stm32f10x_flash.o(i.FLASH_EraseAllPages) refers to stm32f10x_flash.o(i.FLASH_WaitForLastOperation) for FLASH_WaitForLastOperation
    stm32f10x_flash.o(i.FLASH_EraseOptionBytes) refers to stm32f10x_flash.o(i.FLASH_GetReadOutProtectionStatus) for FLASH_GetReadOutProtectionStatus
    stm32f10x_flash.o(i.FLASH_EraseOptionBytes) refers to stm32f10x_flash.o(i.FLASH_WaitForLastOperation) for FLASH_WaitForLastOperation
    stm32f10x_flash.o(i.FLASH_ErasePage) refers to stm32f10x_flash.o(i.FLASH_WaitForLastOperation) for FLASH_WaitForLastOperation
    stm32f10x_flash.o(i.FLASH_ProgramHalfWord) refers to stm32f10x_flash.o(i.FLASH_WaitForLastOperation) for FLASH_WaitForLastOperation
    stm32f10x_flash.o(i.FLASH_ProgramOptionByteData) refers to stm32f10x_flash.o(i.FLASH_WaitForLastOperation) for FLASH_WaitForLastOperation
    stm32f10x_flash.o(i.FLASH_ProgramWord) refers to stm32f10x_flash.o(i.FLASH_WaitForLastOperation) for FLASH_WaitForLastOperation
    stm32f10x_flash.o(i.FLASH_ReadOutProtection) refers to stm32f10x_flash.o(i.FLASH_WaitForLastOperation) for FLASH_WaitForLastOperation
    stm32f10x_flash.o(i.FLASH_UserOptionByteConfig) refers to stm32f10x_flash.o(i.FLASH_WaitForLastOperation) for FLASH_WaitForLastOperation
    stm32f10x_flash.o(i.FLASH_WaitForLastBank1Operation) refers to stm32f10x_flash.o(i.FLASH_GetBank1Status) for FLASH_GetBank1Status
    stm32f10x_flash.o(i.FLASH_WaitForLastOperation) refers to stm32f10x_flash.o(i.FLASH_GetBank1Status) for FLASH_GetBank1Status
    stm32f10x_gpio.o(i.GPIO_AFIODeInit) refers to stm32f10x_rcc.o(i.RCC_APB2PeriphResetCmd) for RCC_APB2PeriphResetCmd
    stm32f10x_gpio.o(i.GPIO_DeInit) refers to stm32f10x_rcc.o(i.RCC_APB2PeriphResetCmd) for RCC_APB2PeriphResetCmd
[...]
    i.MPU6050_setSleepEnabled                0x08001e6c   Section        0  mpu6050.o(i.MPU6050_setSleepEnabled)
    i.MemManage_Handler                      0x08001e7e   Section        0  stm32f10x_it.o(i.MemManage_Handler)
    i.NMI_Handler                            0x08001e82   Section        0  stm32f10x_it.o(i.NMI_Handler)
    i.NVIC_Configuration                     0x08001e84   Section        0  exti.o(i.NVIC_Configuration)
    NVIC_Configuration                       0x08001e85   Thumb Code    50  exti.o(i.NVIC_Configuration)
    i.NVIC_Configuration                     0x08001eb6   Section        0  usart.o(i.NVIC_Configuration)
    NVIC_Configuration                       0x08001eb7   Thumb Code    38  usart.o(i.NVIC_Configuration)
    i.NVIC_Init                              0x08001edc   Section        0  misc.o(i.NVIC_Init)
    i.NVIC_PriorityGroupConfig               0x08001f4c   Section        0  misc.o(i.NVIC_PriorityGroupConfig)
    i.PendSV_Handler                         0x08001f60   Section        0  stm32f10x_it.o(i.PendSV_Handler)
    i.RCC_ADCCLKConfig                       0x08001f64   Section        0  stm32f10x_rcc.o(i.RCC_ADCCLKConfig)
    i.RCC_AHBPeriphClockCmd                  0x08001f7c   Section        0  stm32f10x_rcc.o(i.RCC_AHBPeriphClockCmd)
    i.RCC_APB1PeriphClockCmd                 0x08001f9c   Section        0  stm32f10x_rcc.o(i.RCC_APB1PeriphClockCmd)
    i.RCC_APB2PeriphClockCmd                 0x08001fbc   Section        0  stm32f10x_rcc.o(i.RCC_APB2PeriphClockCmd)
    i.RCC_GetClocksFreq                      0x08001fdc   Section        0  stm32f10x_rcc.o(i.RCC_GetClocksFreq)
    i.Read_DMP                               0x080020b0   Section        0  mpu6050.o(i.Read_DMP)
    i.SPI_Cmd                                0x0800230c   Section        0  stm32f10x_spi.o(i.SPI_Cmd)
    i.SPI_FLASH_Init                         0x08002324   Section        0  spi.o(i.SPI_FLASH_Init)
    i.SPI_Init                               0x080023e4   Section        0  stm32f10x_spi.o(i.SPI_Init)
    i.SVC_Handler                            0x08002420   Section        0  stm32f10x_it.o(i.SVC_Handler)
    i.SetSysClock                            0x08002422   Section        0  system_stm32f10x.o(i.SetSysClock)
    SetSysClock                              0x08002423   Thumb Code     8  system_stm32f10x.o(i.SetSysClock)
    i.SetSysClockTo72                        0x0800242c   Section        0  system_stm32f10x.o(i.SetSysClockTo72)
    SetSysClockTo72                          0x0800242d   Thumb Code   214  system_stm32f10x.o(i.SetSysClockTo72)
    i.SysTick_Config                         0x0800250c   Section        0  systick.o(i.SysTick_Config)
    SysTick_Config                           0x0800250d   Thumb Code    76  systick.o(i.SysTick_Config)
    i.SysTick_Handler                        0x08002560   Section        0  stm32f10x_it.o(i.SysTick_Handler)
    i.SysTick_Init                           0x08002564   Section        0  systick.o(i.SysTick_Init)
    i.SystemInit                             0x08002588   Section        0  system_stm32f10x.o(i.SystemInit)
    i.TI1_Config                             0x080025e8   Section        0  stm32f10x_tim.o(i.TI1_Config)
    TI1_Config                               0x080025e9   Thumb Code   108  stm32f10x_tim.o(i.TI1_Config)
    i.TI2_Config                             0x08002668   Section        0  stm32f10x_tim.o(i.TI2_Config)
    TI2_Config                               0x08002669   Thumb Code   130  stm32f10x_tim.o(i.TI2_Config)
    i.TI3_Config                             0x08002700   Section        0  stm32f10x_tim.o(i.TI3_Config)
    TI3_Config                               0x08002701   Thumb Code   122  stm32f10x_tim.o(i.TI3_Config)
    i.TI4_Config                             0x08002790   Section        0  stm32f10x_tim.o(i.TI4_Config)
    TI4_Config                               0x08002791   Thumb Code   130  stm32f10x_tim.o(i.TI4_Config)
    i.TIM2_IRQHandler                        0x08002828   Section        0  stm32f10x_it.o(i.TIM2_IRQHandler)
    i.TIM4_IRQHandler                        0x08002840   Section        0  stm32f10x_it.o(i.TIM4_IRQHandler)
    i.TIM6_IRQHandler                        0x08002858   Section        0  stm32f10x_it.o(i.TIM6_IRQHandler)
    i.TIM_ClearFlag                          0x08002880   Section        0  stm32f10x_tim.o(i.TIM_ClearFlag)
    i.TIM_ClearITPendingBit                  0x08002886   Section        0  stm32f10x_tim.o(i.TIM_ClearITPendingBit)
    i.TIM_Cmd                                0x0800288c   Section        0  stm32f10x_tim.o(i.TIM_Cmd)
    i.TIM_EncoderInterfaceConfig             0x080028a4   Section        0  stm32f10x_tim.o(i.TIM_EncoderInterfaceConfig)
    i.TIM_GetITStatus                        0x080028e6   Section        0  stm32f10x_tim.o(i.TIM_GetITStatus)
    i.TIM_ICInit                             0x08002908   Section        0  stm32f10x_tim.o(i.TIM_ICInit)
    i.TIM_ICStructInit                       0x080029b4   Section        0  stm32f10x_tim.o(i.TIM_ICStructInit)
    i.TIM_ITConfig                           0x080029c6   Section        0  stm32f10x_tim.o(i.TIM_ITConfig)
    i.TIM_SetCounter                         0x080029d8   Section        0  stm32f10x_tim.o(i.TIM_SetCounter)
    i.TIM_SetIC1Prescaler                    0x080029dc   Section        0  stm32f10x_tim.o(i.TIM_SetIC1Prescaler)
    i.TIM_SetIC2Prescaler                    0x080029ee   Section        0  stm32f10x_tim.o(i.TIM_SetIC2Prescaler)
    i.TIM_SetIC3Prescaler                    0x08002a08   Section        0  stm32f10x_tim.o(i.TIM_SetIC3Prescaler)
    i.TIM_SetIC4Prescaler                    0x08002a1a   Section        0  stm32f10x_tim.o(i.TIM_SetIC4Prescaler)
    i.TIM_TimeBaseInit                       0x08002a34   Section        0  stm32f10x_tim.o(i.TIM_TimeBaseInit)
    i.TIM_TimeBaseStructInit                 0x08002ad8   Section        0  stm32f10x_tim.o(i.TIM_TimeBaseStructInit)
    i.USART_Cmd                              0x08002aea   Section        0  stm32f10x_usart.o(i.USART_Cmd)
    i.USART_Config                           0x08002b04   Section        0  usart.o(i.USART_Config)
    i.USART_GetFlagStatus                    0x08002b94   Section        0  stm32f10x_usart.o(i.USART_GetFlagStatus)
    i.USART_ITConfig                         0x08002bae   Section        0  stm32f10x_usart.o(i.USART_ITConfig)
    i.USART_Init                             0x08002bf8   Section        0  stm32f10x_usart.o(i.USART_Init)
    i.USART_SendData                         0x08002cd0   Section        0  stm32f10x_usart.o(i.USART_SendData)
    i.UsageFault_Handler                     0x08002cd8   Section        0  stm32f10x_it.o(i.UsageFault_Handler)
    i.__0printf                              0x08002cdc   Section        0  printfa.o(i.__0printf)
    i.__ARM_fpclassify                       0x08002cfc   Section        0  fpclassify.o(i.__ARM_fpclassify)
    i.__kernel_poly                          0x08002d24   Section        0  poly.o(i.__kernel_poly)
    i.__mathlib_dbl_infnan                   0x08002dce   Section        0  dunder.o(i.__mathlib_dbl_infnan)
    i.__mathlib_dbl_infnan2                  0x08002dd4   Section        0  dunder.o(i.__mathlib_dbl_infnan2)
    i.__mathlib_dbl_invalid                  0x08002dd8   Section        0  dunder.o(i.__mathlib_dbl_invalid)
    i.__mathlib_dbl_underflow                0x08002de4   Section        0  dunder.o(i.__mathlib_dbl_underflow)
    i.__scatterload_copy                     0x08002df4   Section       14  handlers.o(i.__scatterload_copy)
    i.__scatterload_null                     0x08002e02   Section        2  handlers.o(i.__scatterload_null)
    i.__scatterload_zeroinit                 0x08002e04   Section       14  handlers.o(i.__scatterload_zeroinit)
    i.__set_errno                            0x08002e14   Section        0  errno.o(i.__set_errno)
    i._fp_digits                             0x08002e20   Section        0  printfa.o(i._fp_digits)
    _fp_digits                               0x08002e21   Thumb Code   366  printfa.o(i._fp_digits)
    i._printf_core                           0x08002fa4   Section        0  printfa.o(i._printf_core)
    _printf_core                             0x08002fa5   Thumb Code  1744  printfa.o(i._printf_core)
    i._printf_post_padding                   0x08003680   Section        0  printfa.o(i._printf_post_padding)
    _printf_post_padding                     0x08003681   Thumb Code    36  printfa.o(i._printf_post_padding)
    i._printf_pre_padding                    0x080036a4   Section        0  printfa.o(i._printf_pre_padding)
    _printf_pre_padding                      0x080036a5   Thumb Code    46  printfa.o(i._printf_pre_padding)
    i.accel_self_test                        0x080036d4   Section        0  inv_mpu.o(i.accel_self_test)
    accel_self_test                          0x080036d5   Thumb Code   164  inv_mpu.o(i.accel_self_test)
    i.asin                                   0x0800377c   Section        0  asin.o(i.asin)
    i.atan                                   0x080039ec   Section        0  atan.o(i.atan)
    i.atan2                                  0x08003c0c   Section        0  atan2.o(i.atan2)
    i.decode_gesture                         0x08003d8c   Section        0  inv_mpu_dmp_motion_driver.o(i.decode_gesture)
    decode_gesture                           0x08003d8d   Thumb Code    94  inv_mpu_dmp_motion_driver.o(i.decode_gesture)
    i.delay_init                             0x08003df0   Section        0  delay.o(i.delay_init)
    i.delay_ms                               0x08003e30   Section        0  delay.o(i.delay_ms)
    i.delay_us                               0x08003e6c   Section        0  delay.o(i.delay_us)
    i.dmp_enable_6x_lp_quat                  0x08003ea8   Section        0  inv_mpu_dmp_motion_driver.o(i.dmp_enable_6x_lp_quat)
    i.dmp_enable_feature                     0x08003ee4   Section        0  inv_mpu_dmp_motion_driver.o(i.dmp_enable_feature)
    i.dmp_enable_gyro_cal                    0x08004100   Section        0  inv_mpu_dmp_motion_driver.o(i.dmp_enable_gyro_cal)
    i.dmp_enable_lp_quat                     0x08004158   Section        0  inv_mpu_dmp_motion_driver.o(i.dmp_enable_lp_quat)
    i.dmp_load_motion_driver_firmware        0x08004194   Section        0  inv_mpu_dmp_motion_driver.o(i.dmp_load_motion_driver_firmware)
    i.dmp_read_fifo                          0x080041ac   Section        0  inv_mpu_dmp_motion_driver.o(i.dmp_read_fifo)
    i.dmp_set_accel_bias                     0x08004378   Section        0  inv_mpu_dmp_motion_driver.o(i.dmp_set_accel_bias)
    i.dmp_set_fifo_rate                      0x080044a8   Section        0  inv_mpu_dmp_motion_driver.o(i.dmp_set_fifo_rate)
    i.dmp_set_gyro_bias                      0x08004518   Section        0  inv_mpu_dmp_motion_driver.o(i.dmp_set_gyro_bias)
    i.dmp_set_orientation                    0x08004648   Section        0  inv_mpu_dmp_motion_driver.o(i.dmp_set_orientation)
    i.dmp_set_shake_reject_thresh            0x08004780   Section        0  inv_mpu_dmp_motion_driver.o(i.dmp_set_shake_reject_thresh)
    i.dmp_set_shake_reject_time              0x080047b8   Section        0  inv_mpu_dmp_motion_driver.o(i.dmp_set_shake_reject_time)
    i.dmp_set_shake_reject_timeout           0x080047de   Section        0  inv_mpu_dmp_motion_driver.o(i.dmp_set_shake_reject_timeout)
    i.dmp_set_tap_axes                       0x08004804   Section        0  inv_mpu_dmp_motion_driver.o(i.dmp_set_tap_axes)
    i.dmp_set_tap_count                      0x0800484a   Section        0  inv_mpu_dmp_motion_driver.o(i.dmp_set_tap_count)
    i.dmp_set_tap_thresh                     0x08004870   Section        0  inv_mpu_dmp_motion_driver.o(i.dmp_set_tap_thresh)
    i.dmp_set_tap_time                       0x08004a10   Section        0  inv_mpu_dmp_motion_driver.o(i.dmp_set_tap_time)
    i.dmp_set_tap_time_multi                 0x08004a36   Section        0  inv_mpu_dmp_motion_driver.o(i.dmp_set_tap_time_multi)
    i.fputc                                  0x08004a5c   Section        0  usart.o(i.fputc)
    i.get_accel_prod_shift                   0x08004a80   Section        0  inv_mpu.o(i.get_accel_prod_shift)
    get_accel_prod_shift                     0x08004a81   Thumb Code   168  inv_mpu.o(i.get_accel_prod_shift)
    i.get_st_biases                          0x08004b34   Section        0  inv_mpu.o(i.get_st_biases)
    get_st_biases                            0x08004b35   Thumb Code  1132  inv_mpu.o(i.get_st_biases)
    i.gyro_self_test                         0x08004fa4   Section        0  inv_mpu.o(i.gyro_self_test)
    gyro_self_test                           0x08004fa5   Thumb Code   256  inv_mpu.o(i.gyro_self_test)
    i.i2cRead                                0x080050b4   Section        0  iic.o(i.i2cRead)
    i.i2cWrite                               0x0800512a   Section        0  iic.o(i.i2cWrite)
    i.inv_orientation_matrix_to_scalar       0x0800518a   Section        0  mpu6050.o(i.inv_orientation_matrix_to_scalar)
    inv_orientation_matrix_to_scalar         0x0800518b   Thumb Code    40  mpu6050.o(i.inv_orientation_matrix_to_scalar)
    i.inv_row_2_scale                        0x080051b2   Section        0  mpu6050.o(i.inv_row_2_scale)
    inv_row_2_scale                          0x080051b3   Thumb Code    78  mpu6050.o(i.inv_row_2_scale)
    i.main                                   0x08005200   Section        0  main.o(i.main)
    i.mpu_configure_fifo                     0x08005274   Section        0  inv_mpu.o(i.mpu_configure_fifo)
    i.mpu_get_accel_fsr                      0x080052e4   Section        0  inv_mpu.o(i.mpu_get_accel_fsr)
    i.mpu_get_accel_sens                     0x08005330   Section        0  inv_mpu.o(i.mpu_get_accel_sens)
    i.mpu_get_fifo_config                    0x08005384   Section        0  inv_mpu.o(i.mpu_get_fifo_config)
    i.mpu_get_gyro_fsr                       0x08005394   Section        0  inv_mpu.o(i.mpu_get_gyro_fsr)
    i.mpu_get_gyro_sens                      0x080053d8   Section        0  inv_mpu.o(i.mpu_get_gyro_sens)
    i.mpu_get_lpf                            0x08005428   Section        0  inv_mpu.o(i.mpu_get_lpf)
    i.mpu_get_sample_rate                    0x08005478   Section        0  inv_mpu.o(i.mpu_get_sample_rate)
    i.mpu_init                               0x08005498   Section        0  inv_mpu.o(i.mpu_init)
    i.mpu_load_firmware                      0x08005688   Section        0  inv_mpu.o(i.mpu_load_firmware)
    i.mpu_lp_accel_mode                      0x08005740   Section        0  inv_mpu.o(i.mpu_lp_accel_mode)
    i.mpu_read_fifo_stream                   0x08005820   Section        0  inv_mpu.o(i.mpu_read_fifo_stream)
    i.mpu_read_mem                           0x080058e0   Section        0  inv_mpu.o(i.mpu_read_mem)
    i.mpu_reset_fifo                         0x08005960   Section        0  inv_mpu.o(i.mpu_reset_fifo)
    i.mpu_run_self_test                      0x08005b1c   Section        0  inv_mpu.o(i.mpu_run_self_test)
    i.mpu_set_accel_fsr                      0x08005c38   Section        0  inv_mpu.o(i.mpu_set_accel_fsr)
    i.mpu_set_bypass                         0x08005cbc   Section        0  inv_mpu.o(i.mpu_set_bypass)
    i.mpu_set_dmp_state                      0x08005e08   Section        0  inv_mpu.o(i.mpu_set_dmp_state)
    i.mpu_set_gyro_fsr                       0x08005e98   Section        0  inv_mpu.o(i.mpu_set_gyro_fsr)
    i.mpu_set_int_latched                    0x08005f20   Section        0  inv_mpu.o(i.mpu_set_int_latched)
    i.mpu_set_lpf                            0x08005f8c   Section        0  inv_mpu.o(i.mpu_set_lpf)
    i.mpu_set_sample_rate                    0x08006010   Section        0  inv_mpu.o(i.mpu_set_sample_rate)
    i.mpu_set_sensors                        0x080060ac   Section        0  inv_mpu.o(i.mpu_set_sensors)
    i.mpu_write_mem                          0x0800617c   Section        0  inv_mpu.o(i.mpu_write_mem)
    i.myget_ms                               0x080061fc   Section        0  inv_mpu.o(i.myget_ms)
    i.run_self_test                          0x08006200   Section        0  mpu6050.o(i.run_self_test)
    run_self_test                            0x08006201   Thumb Code   150  mpu6050.o(i.run_self_test)
    i.set_int_enable                         0x080062bc   Section        0  inv_mpu.o(i.set_int_enable)
    set_int_enable                           0x080062bd   Thumb Code   138  inv_mpu.o(i.set_int_enable)
    i.sqrt                                   0x0800634c   Section        0  sqrt.o(i.sqrt)
    .constdata                               0x08006398   Section       80  inv_mpu.o(.constdata)
    .constdata                               0x080063e8   Section     3062  inv_mpu_dmp_motion_driver.o(.constdata)
    dmp_memory                               0x080063e8   Data        3062  inv_mpu_dmp_motion_driver.o(.constdata)
    .constdata                               0x08006fe0   Section       80  asin.o(.constdata)
    pS                                       0x08006fe0   Data          48  asin.o(.constdata)
    qS                                       0x08007010   Data          32  asin.o(.constdata)
    .constdata                               0x08007030   Section      152  atan.o(.constdata)
    atanhi                                   0x08007030   Data          32  atan.o(.constdata)
    atanlo                                   0x08007050   Data          32  atan.o(.constdata)
    aTodd                                    0x08007070   Data          40  atan.o(.constdata)
    aTeven                                   0x08007098   Data          48  atan.o(.constdata)
    .constdata                               0x080070c8   Section        8  qnan.o(.constdata)
    .conststring                             0x080070d0   Section       78  inv_mpu.o(.conststring)
    .data                                    0x20000000   Section       20  system_stm32f10x.o(.data)
    .data                                    0x20000014   Section       20  stm32f10x_rcc.o(.data)
    APBAHBPrescTable                         0x20000014   Data          16  stm32f10x_rcc.o(.data)
    ADCPrescTable                            0x20000024   Data           4  stm32f10x_rcc.o(.data)
    .data                                    0x20000028   Section        4  stm32f10x_it.o(.data)
    .data                                    0x2000002c   Section        8  hardware_i2c.o(.data)
    I2CTimeout                               0x20000030   Data           4  hardware_i2c.o(.data)
    .data                                    0x20000034   Section       44  inv_mpu.o(.data)
    st                                       0x20000034   Data          44  inv_mpu.o(.data)
    .data                                    0x20000060   Section        4  delay.o(.data)
    fac_us                                   0x20000060   Data           1  delay.o(.data)
    fac_ms                                   0x20000062   Data           2  delay.o(.data)
    .data                                    0x20000064   Section       64  mpu6050.o(.data)
    gyro_orientation                         0x20000090   Data           9  mpu6050.o(.data)
    .data                                    0x200000a4   Section        4  stdout.o(.data)
    .data                                    0x200000a8   Section        4  errno.o(.data)
    _errno                                   0x200000a8   Data           4  errno.o(.data)
    .bss                                     0x200000ac   Section       12  adc.o(.bss)
    .bss                                     0x200000b8   Section       16  inv_mpu_dmp_motion_driver.o(.bss)
    dmp                                      0x200000b8   Data          16  inv_mpu_dmp_motion_driver.o(.bss)
    STACK                                    0x200000c8   Section     1024  startup_stm32f10x_hd.o(STACK)

    Global Symbols

    Symbol Name                              Value     Ov Type        Size  Object(Section)

    BuildAttributes$$THM_ISAv4$P$D$K$B$S$PE$A:L22UL41UL21$X:L11$S22US41US21$IEEE1$IW$USESV6$~STKCKD$USESV7$~SHL$OTIME$ROPI$IEEEX$EBA8$MICROLIB$REQ8$PRES8$EABIv2 0x00000000   Number         0  anon$$obj.o ABSOLUTE
    __ARM_use_no_argv                        0x00000000   Number         0  main.o ABSOLUTE
    _printf_a                                0x00000000   Number         0  stubs.o ABSOLUTE
    _printf_c                                0x00000000   Number         0  stubs.o ABSOLUTE
    _printf_charcount                        0x00000000   Number         0  stubs.o ABSOLUTE
    _printf_d                                0x00000000   Number         0  stubs.o ABSOLUTE
    _printf_e                                0x00000000   Number         0  stubs.o ABSOLUTE
    _printf_f                                0x00000000   Number         0  stubs.o ABSOLUTE
    _printf_flags                            0x00000000   Number         0  stubs.o ABSOLUTE
    _printf_fp_dec                           0x00000000   Number         0  stubs.o ABSOLUTE
    _printf_fp_hex                           0x00000000   Number         0  stubs.o ABSOLUTE
    _printf_g                                0x00000000   Number         0  stubs.o ABSOLUTE
    _printf_i                                0x00000000   Number         0  stubs.o ABSOLUTE
    _printf_int_dec                          0x00000000   Number         0  stubs.o ABSOLUTE
    _printf_l                                0x00000000   Number         0  stubs.o ABSOLUTE
    _printf_lc                               0x00000000   Number         0  stubs.o ABSOLUTE
    _printf_ll                               0x00000000   Number         0  stubs.o ABSOLUTE
    _printf_lld                              0x00000000   Number         0  stubs.o ABSOLUTE
    _printf_lli                              0x00000000   Number         0  stubs.o ABSOLUTE
    _printf_llo                              0x00000000   Number         0  stubs.o ABSOLUTE
    _printf_llu                              0x00000000   Number         0  stubs.o ABSOLUTE
    _printf_llx                              0x00000000   Number         0  stubs.o ABSOLUTE
    _printf_longlong_dec                     0x00000000   Number         0  stubs.o ABSOLUTE
    _printf_longlong_hex                     0x00000000   Number         0  stubs.o ABSOLUTE
    _printf_longlong_oct                     0x00000000   Number         0  stubs.o ABSOLUTE
    _printf_ls                               0x00000000   Number         0  stubs.o ABSOLUTE
    _printf_mbtowc                           0x00000000   Number         0  stubs.o ABSOLUTE
    _printf_n                                0x00000000   Number         0  stubs.o ABSOLUTE
    _printf_o                                0x00000000   Number         0  stubs.o ABSOLUTE
    _printf_p                                0x00000000   Number         0  stubs.o ABSOLUTE
    _printf_percent                          0x00000000   Number         0  stubs.o ABSOLUTE
    _printf_pre_padding                      0x00000000   Number         0  stubs.o ABSOLUTE
    _printf_return_value                     0x00000000   Number         0  stubs.o ABSOLUTE
    _printf_s                                0x00000000   Number         0  stubs.o ABSOLUTE
    _printf_sizespec                         0x00000000   Number         0  stubs.o ABSOLUTE
    _printf_str                              0x00000000   Number         0  stubs.o ABSOLUTE
    _printf_truncate_signed                  0x00000000   Number         0  stubs.o ABSOLUTE
    _printf_truncate_unsigned                0x00000000   Number         0  stubs.o ABSOLUTE
    _printf_u                                0x00000000   Number         0  stubs.o ABSOLUTE
    _printf_wc                               0x00000000   Number         0  stubs.o ABSOLUTE
    _printf_wctomb                           0x00000000   Number         0  stubs.o ABSOLUTE
    _printf_widthprec                        0x00000000   Number         0  stubs.o ABSOLUTE
    _printf_x                                0x00000000   Number         0  stubs.o ABSOLUTE
    __cpp_initialize__aeabi_                  - Undefined Weak Reference
    __cxa_finalize                            - Undefined Weak Reference
    __decompress                              - Undefined Weak Reference
    _clock_init                               - Undefined Weak Reference
    _microlib_exit                            - Undefined Weak Reference
    __Vectors_Size                           0x00000130   Number         0  startup_stm32f10x_hd.o ABSOLUTE
    __Vectors                                0x08000000   Data           4  startup_stm32f10x_hd.o(RESET)
    __Vectors_End                            0x08000130   Data           0  startup_stm32f10x_hd.o(RESET)
    __main                                   0x08000131   Thumb Code     0  entry.o(.ARM.Collect$$$$00000000)
    _main_stk                                0x08000131   Thumb Code     0  entry2.o(.ARM.Collect$$$$00000001)
    _main_scatterload                        0x08000135   Thumb Code     0  entry5.o(.ARM.Collect$$$$00000004)
    __main_after_scatterload                 0x08000139   Thumb Code     0  entry5.o(.ARM.Collect$$$$00000004)
    _main_clock                              0x08000139   Thumb Code     0  entry7b.o(.ARM.Collect$$$$00000008)
    _main_cpp_init                           0x08000139   Thumb Code     0  entry8b.o(.ARM.Collect$$$$0000000A)
    _main_init                               0x08000139   Thumb Code     0  entry9a.o(.ARM.Collect$$$$0000000B)
    __rt_final_cpp                           0x08000141   Thumb Code     0  entry10a.o(.ARM.Collect$$$$0000000D)
    __rt_final_exit                          0x08000141   Thumb Code     0  entry11a.o(.ARM.Collect$$$$0000000F)
    Reset_Handler                            0x08000145   Thumb Code     8  startup_stm32f10x_hd.o(.text)
    ADC1_2_IRQHandler                        0x0800015f   Thumb Code     0  startup_stm32f10x_hd.o(.text)
    ADC3_IRQHandler                          0x0800015f   Thumb Code     0  startup_stm32f10x_hd.o(.text)
    CAN1_RX1_IRQHandler                      0x0800015f   Thumb Code     0  startup_stm32f10x_hd.o(.text)
    CAN1_SCE_IRQHandler                      0x0800015f   Thumb Code     0  startup_stm32f10x_hd.o(.text)
    DMA1_Channel1_IRQHandler                 0x0800015f   Thumb Code     0  startup_stm32f10x_hd.o(.text)
    DMA1_Channel2_IRQHandler                 0x0800015f   Thumb Code     0  startup_stm32f10x_hd.o(.text)
    DMA1_Channel3_IRQHandler                 0x0800015f   Thumb Code     0  startup_stm32f10x_hd.o(.text)
    DMA1_Channel4_IRQHandler                 0x0800015f   Thumb Code     0  startup_stm32f10x_hd.o(.text)
    DMA1_Channel5_IRQHandler                 0x0800015f   Thumb Code     0  startup_stm32f10x_hd.o(.text)
    DMA1_Channel6_IRQHandler                 0x0800015f   Thumb Code     0  startup_stm32f10x_hd.o(.text)
    DMA1_Channel7_IRQHandler                 0x0800015f   Thumb Code     0  startup_stm32f10x_hd.o(.text)
    DMA2_Channel1_IRQHandler                 0x0800015f   Thumb Code     0  startup_stm32f10x_hd.o(.text)
    DMA2_Channel2_IRQHandler                 0x0800015f   Thumb Code     0  startup_stm32f10x_hd.o(.text)
    DMA2_Channel3_IRQHandler                 0x0800015f   Thumb Code     0  startup_stm32f10x_hd.o(.text)
    DMA2_Channel4_5_IRQHandler               0x0800015f   Thumb Code     0  startup_stm32f10x_hd.o(.text)
    EXTI1_IRQHandler                         0x0800015f   Thumb Code     0  startup_stm32f10x_hd.o(.text)
    EXTI2_IRQHandler                         0x0800015f   Thumb Code     0  startup_stm32f10x_hd.o(.text)
    EXTI3_IRQHandler                         0x0800015f   Thumb Code     0  startup_stm32f10x_hd.o(.text)
    EXTI4_IRQHandler                         0x0800015f   Thumb Code     0  startup_stm32f10x_hd.o(.text)
    EXTI9_5_IRQHandler                       0x0800015f   Thumb Code     0  startup_stm32f10x_hd.o(.text)
    FLASH_IRQHandler                         0x0800015f   Thumb Code     0  startup_stm32f10x_hd.o(.text)
    FSMC_IRQHandler                          0x0800015f   Thumb Code     0  startup_stm32f10x_hd.o(.text)
    I2C1_ER_IRQHandler                       0x0800015f   Thumb Code     0  startup_stm32f10x_hd.o(.text)
    I2C1_EV_IRQHandler                       0x0800015f   Thumb Code     0  startup_stm32f10x_hd.o(.text)
    I2C2_ER_IRQHandler                       0x0800015f   Thumb Code     0  startup_stm32f10x_hd.o(.text)
    I2C2_EV_IRQHandler                       0x0800015f   Thumb Code     0  startup_stm32f10x_hd.o(.text)
    PVD_IRQHandler                           0x0800015f   Thumb Code     0  startup_stm32f10x_hd.o(.text)
    RCC_IRQHandler                           0x0800015f   Thumb Code     0  startup_stm32f10x_hd.o(.text)
    RTCAlarm_IRQHandler                      0x0800015f   Thumb Code     0  startup_stm32f10x_hd.o(.text)
    RTC_IRQHandler                           0x0800015f   Thumb Code     0  startup_stm32f10x_hd.o(.text)
    SDIO_IRQHandler                          0x0800015f   Thumb Code     0  startup_stm32f10x_hd.o(.text)
    SPI1_IRQHandler                          0x0800015f   Thumb Code     0  startup_stm32f10x_hd.o(.text)
    SPI2_IRQHandler                          0x0800015f   Thumb Code     0  startup_stm32f10x_hd.o(.text)
    SPI3_IRQHandler                          0x0800015f   Thumb Code     0  startup_stm32f10x_hd.o(.text)
    TAMPER_IRQHandler                        0x0800015f   Thumb Code     0  startup_stm32f10x_hd.o(.text)
    TIM1_BRK_IRQHandler                      0x0800015f   Thumb Code     0  startup_stm32f10x_hd.o(.text)
    TIM1_CC_IRQHandler                       0x0800015f   Thumb Code     0  startup_stm32f10x_hd.o(.text)
    TIM1_TRG_COM_IRQHandler                  0x0800015f   Thumb Code     0  startup_stm32f10x_hd.o(.text)
    TIM1_UP_IRQHandler                       0x0800015f   Thumb Code     0  startup_stm32f10x_hd.o(.text)
    TIM3_IRQHandler                          0x0800015f   Thumb Code     0  startup_stm32f10x_hd.o(.text)
    TIM5_IRQHandler                          0x0800015f   Thumb Code     0  startup_stm32f10x_hd.o(.text)
    TIM7_IRQHandler                          0x0800015f   Thumb Code     0  startup_stm32f10x_hd.o(.text)
    TIM8_BRK_IRQHandler                      0x0800015f   Thumb Code     0  startup_stm32f10x_hd.o(.text)
    TIM8_CC_IRQHandler                       0x0800015f   Thumb Code     0  startup_stm32f10x_hd.o(.text)
    TIM8_TRG_COM_IRQHandler                  0x0800015f   Thumb Code     0  startup_stm32f10x_hd.o(.text)
    TIM8_UP_IRQHandler                       0x0800015f   Thumb Code     0  startup_stm32f10x_hd.o(.text)
    UART4_IRQHandler                         0x0800015f   Thumb Code     0  startup_stm32f10x_hd.o(.text)
    UART5_IRQHandler                         0x0800015f   Thumb Code     0  startup_stm32f10x_hd.o(.text)
    USART1_IRQHandler                        0x0800015f   Thumb Code     0  startup_stm32f10x_hd.o(.text)
    USART2_IRQHandler                        0x0800015f   Thumb Code     0  startup_stm32f10x_hd.o(.text)
    USART3_IRQHandler                        0x0800015f   Thumb Code     0  startup_stm32f10x_hd.o(.text)
    USBWakeUp_IRQHandler                     0x0800015f   Thumb Code     0  startup_stm32f10x_hd.o(.text)
    USB_HP_CAN1_TX_IRQHandler                0x0800015f   Thumb Code     0  startup_stm32f10x_hd.o(.text)
    USB_LP_CAN1_RX0_IRQHandler               0x0800015f   Thumb Code     0  startup_stm32f10x_hd.o(.text)
    WWDG_IRQHandler                          0x0800015f   Thumb Code     0  startup_stm32f10x_hd.o(.text)
    __aeabi_ldivmod                          0x08000169   Thumb Code    98  ldiv.o(.text)
    __aeabi_memset                           0x080001cb   Thumb Code    14  memseta.o(.text)
    __aeabi_memset4                          0x080001cb   Thumb Code     0  memseta.o(.text)
    __aeabi_memset8                          0x080001cb   Thumb Code     0  memseta.o(.text)
    __aeabi_memclr                           0x080001d9   Thumb Code     4  memseta.o(.text)
    __aeabi_memclr4                          0x080001d9   Thumb Code     0  memseta.o(.text)
    __aeabi_memclr8                          0x080001d9   Thumb Code     0  memseta.o(.text)
    _memset$wrapper                          0x080001dd   Thumb Code    18  memseta.o(.text)
    memcmp                                   0x080001ef   Thumb Code    26  memcmp.o(.text)
    __aeabi_fadd                             0x08000209   Thumb Code   164  fadd.o(.text)
    __aeabi_fsub                             0x080002ad   Thumb Code     6  fadd.o(.text)
    __aeabi_frsub                            0x080002b3   Thumb Code     6  fadd.o(.text)
    __aeabi_fmul                             0x080002b9   Thumb Code   100  fmul.o(.text)
    __aeabi_fdiv                             0x0800031d   Thumb Code   124  fdiv.o(.text)
    __aeabi_dadd                             0x08000399   Thumb Code   322  dadd.o(.text)
    __aeabi_dsub                             0x080004db   Thumb Code     6  dadd.o(.text)
    __aeabi_drsub                            0x080004e1   Thumb Code     6  dadd.o(.text)
    __aeabi_dmul                             0x080004e7   Thumb Code   228  dmul.o(.text)
    __aeabi_i2f                              0x080005cb   Thumb Code    18  fflti.o(.text)
    __aeabi_ui2f                             0x080005dd   Thumb Code    10  ffltui.o(.text)
    __aeabi_f2iz                             0x080005e7   Thumb Code    50  ffixi.o(.text)
    __aeabi_f2uiz                            0x08000619   Thumb Code    40  ffixui.o(.text)
    __aeabi_f2d                              0x08000641   Thumb Code    38  f2d.o(.text)
    __aeabi_d2f                              0x08000667   Thumb Code    56  d2f.o(.text)
    __aeabi_cfcmpeq                          0x080006a1   Thumb Code     0  cfcmple.o(.text)
    __aeabi_cfcmple                          0x080006a1   Thumb Code    20  cfcmple.o(.text)
    __aeabi_cfrcmple                         0x080006b5   Thumb Code    20  cfrcmple.o(.text)
    __aeabi_uidiv                            0x080006c9   Thumb Code     0  uidiv.o(.text)
    __aeabi_uidivmod                         0x080006c9   Thumb Code    44  uidiv.o(.text)
    __aeabi_uldivmod                         0x080006f5   Thumb Code    98  uldiv.o(.text)
    __aeabi_llsl                             0x08000757   Thumb Code    30  llshl.o(.text)
    _ll_shift_l                              0x08000757   Thumb Code     0  llshl.o(.text)
    __aeabi_lasr                             0x08000775   Thumb Code    36  llsshr.o(.text)
    _ll_sshift_r                             0x08000775   Thumb Code     0  llsshr.o(.text)
    __I$use$fp                               0x08000799   Thumb Code     0  iusefp.o(.text)
    _float_round                             0x08000799   Thumb Code    18  fepilogue.o(.text)
    _float_epilogue                          0x080007ab   Thumb Code    92  fepilogue.o(.text)
    _double_round                            0x08000807   Thumb Code    30  depilogue.o(.text)
    _double_epilogue                         0x08000825   Thumb Code   156  depilogue.o(.text)
    __aeabi_ddiv                             0x080008c1   Thumb Code   222  ddiv.o(.text)
    __ARM_scalbn                             0x0800099f   Thumb Code    46  dscalb.o(.text)
    scalbn                                   0x0800099f   Thumb Code     0  dscalb.o(.text)
    __aeabi_d2ulz                            0x080009cd   Thumb Code    48  dfixul.o(.text)
    __aeabi_cdrcmple                         0x080009fd   Thumb Code    48  cdrcmple.o(.text)
    __scatterload                            0x08000a2d   Thumb Code    28  init.o(.text)
    __scatterload_rt2                        0x08000a2d   Thumb Code     0  init.o(.text)
    __aeabi_llsr                             0x08000a51   Thumb Code    32  llushr.o(.text)
    _ll_ushift_r                             0x08000a51   Thumb Code     0  llushr.o(.text)
    _dsqrt                                   0x08000a71   Thumb Code   162  dsqrt.o(.text)
    ADC_Cmd                                  0x08000b13   Thumb Code    22  stm32f10x_adc.o(i.ADC_Cmd)
    ADC_DMACmd                               0x08000b29   Thumb Code    22  stm32f10x_adc.o(i.ADC_DMACmd)
    ADC_GetCalibrationStatus                 0x08000b3f   Thumb Code    20  stm32f10x_adc.o(i.ADC_GetCalibrationStatus)
    ADC_GetResetCalibrationStatus            0x08000b53   Thumb Code    20  stm32f10x_adc.o(i.ADC_GetResetCalibrationStatus)
    ADC_Init                                 0x08000b69   Thumb Code    70  stm32f10x_adc.o(i.ADC_Init)
    ADC_RegularChannelConfig                 0x08000bb9   Thumb Code   184  stm32f10x_adc.o(i.ADC_RegularChannelConfig)
    ADC_ResetCalibration                     0x08000c71   Thumb Code    10  stm32f10x_adc.o(i.ADC_ResetCalibration)
    ADC_SoftwareStartConvCmd                 0x08000c7b   Thumb Code    22  stm32f10x_adc.o(i.ADC_SoftwareStartConvCmd)
    ADC_StartCalibration                     0x08000c91   Thumb Code    10  stm32f10x_adc.o(i.ADC_StartCalibration)
    ADCx_Init                                0x08000cc1   Thumb Code    12  adc.o(i.ADCx_Init)
    BASIC_TIM_Init                           0x08000e01   Thumb Code    12  basetimer_6.o(i.BASIC_TIM_Init)
    BUZZER_GPIO_Config                       0x08000e79   Thumb Code    50  buzzer.o(i.BUZZER_GPIO_Config)
    BusFault_Handler                         0x08000eb1   Thumb Code     4  stm32f10x_it.o(i.BusFault_Handler)
    DMA_Cmd                                  0x08000eb5   Thumb Code    24  stm32f10x_dma.o(i.DMA_Cmd)
    DMA_DeInit                               0x08000ecd   Thumb Code   324  stm32f10x_dma.o(i.DMA_DeInit)
    DMA_Init                                 0x08001019   Thumb Code    60  stm32f10x_dma.o(i.DMA_Init)
    DMP_Init                                 0x08001055   Thumb Code   194  mpu6050.o(i.DMP_Init)
    DebugMon_Handler                         0x08001265   Thumb Code     2  stm32f10x_it.o(i.DebugMon_Handler)
    EXTI0_IRQHandler                         0x08001267   Thumb Code    18  stm32f10x_it.o(i.EXTI0_IRQHandler)
    EXTI15_10_IRQHandler                     0x08001279   Thumb Code    22  stm32f10x_it.o(i.EXTI15_10_IRQHandler)
    EXTI_ClearITPendingBit                   0x08001291   Thumb Code     6  stm32f10x_exti.o(i.EXTI_ClearITPendingBit)
    EXTI_GetITStatus                         0x0800129d   Thumb Code    34  stm32f10x_exti.o(i.EXTI_GetITStatus)
    EXTI_Init                                0x080012c5   Thumb Code   142  stm32f10x_exti.o(i.EXTI_Init)
    EXTI_Key_Config                          0x08001359   Thumb Code   132  exti.o(i.EXTI_Key_Config)
    Encoder_Init_TIM2                        0x080013e5   Thumb Code   154  encoder.o(i.Encoder_Init_TIM2)
    Encoder_Init_TIM4                        0x08001485   Thumb Code   148  encoder.o(i.Encoder_Init_TIM4)
    GENERAL_TIM_Init                         0x080015b5   Thumb Code    12  generaltimer_3.o(i.GENERAL_TIM_Init)
    GPIO_EXTILineConfig                      0x080015f5   Thumb Code    60  stm32f10x_gpio.o(i.GPIO_EXTILineConfig)
    GPIO_Init                                0x08001635   Thumb Code   278  stm32f10x_gpio.o(i.GPIO_Init)
    GPIO_ResetBits                           0x0800174b   Thumb Code     4  stm32f10x_gpio.o(i.GPIO_ResetBits)
    GPIO_SetBits                             0x0800174f   Thumb Code     4  stm32f10x_gpio.o(i.GPIO_SetBits)
    HardFault_Handler                        0x08001753   Thumb Code     4  stm32f10x_it.o(i.HardFault_Handler)
    I2C_Cmd                                  0x08001757   Thumb Code    24  stm32f10x_i2c.o(i.I2C_Cmd)
    I2C_EE_Config                            0x08001771   Thumb Code   118  simulation_i2c.o(i.I2C_EE_Config)
    I2C_EE_Init                              0x080017f5   Thumb Code    18  hardware_i2c.o(i.I2C_EE_Init)
    I2C_Init                                 0x08001859   Thumb Code   222  stm32f10x_i2c.o(i.I2C_Init)
    I2C_ReadOneByte                          0x08001989   Thumb Code    70  iic.o(i.I2C_ReadOneByte)
    IIC_Ack                                  0x080019d1   Thumb Code    64  iic.o(i.IIC_Ack)
    IIC_Init                                 0x08001a1d   Thumb Code    46  iic.o(i.IIC_Init)
    IIC_NAck                                 0x08001a51   Thumb Code    62  iic.o(i.IIC_NAck)
    IIC_Read_Byte                            0x08001a9d   Thumb Code    98  iic.o(i.IIC_Read_Byte)
    IIC_Send_Byte                            0x08001b0d   Thumb Code    88  iic.o(i.IIC_Send_Byte)
    IIC_Start                                0x08001b71   Thumb Code    92  iic.o(i.IIC_Start)
    IIC_Stop                                 0x08001bd9   Thumb Code    60  iic.o(i.IIC_Stop)
    IIC_Wait_Ack                             0x08001c21   Thumb Code    92  iic.o(i.IIC_Wait_Ack)
    IICreadByte                              0x08001c89   Thumb Code    22  iic.o(i.IICreadByte)
    IICwriteBit                              0x08001c9f   Thumb Code    64  iic.o(i.IICwriteBit)
    IICwriteBits                             0x08001cdf   Thumb Code   106  iic.o(i.IICwriteBits)
    IICwriteByte                             0x08001d49   Thumb Code    20  iic.o(i.IICwriteByte)
    IICwriteBytes                            0x08001d5d   Thumb Code    70  iic.o(i.IICwriteBytes)
    Key_GPIO_Config                          0x08001da5   Thumb Code    54  key.o(i.Key_GPIO_Config)
    MPU6050_initialize                       0x08001de5   Thumb Code    40  mpu6050.o(i.MPU6050_initialize)
    MPU6050_setClockSource                   0x08001e0d   Thumb Code    20  mpu6050.o(i.MPU6050_setClockSource)
    MPU6050_setFullScaleAccelRange           0x08001e21   Thumb Code    20  mpu6050.o(i.MPU6050_setFullScaleAccelRange)
    MPU6050_setFullScaleGyroRange            0x08001e35   Thumb Code    20  mpu6050.o(i.MPU6050_setFullScaleGyroRange)
    MPU6050_setI2CBypassEnabled              0x08001e49   Thumb Code    18  mpu6050.o(i.MPU6050_setI2CBypassEnabled)
    MPU6050_setI2CMasterModeEnabled          0x08001e5b   Thumb Code    18  mpu6050.o(i.MPU6050_setI2CMasterModeEnabled)
    MPU6050_setSleepEnabled                  0x08001e6d   Thumb Code    18  mpu6050.o(i.MPU6050_setSleepEnabled)
    MemManage_Handler                        0x08001e7f   Thumb Code     4  stm32f10x_it.o(i.MemManage_Handler)
    NMI_Handler                              0x08001e83   Thumb Code     2  stm32f10x_it.o(i.NMI_Handler)
    NVIC_Init                                0x08001edd   Thumb Code   100  misc.o(i.NVIC_Init)
    NVIC_PriorityGroupConfig                 0x08001f4d   Thumb Code    10  misc.o(i.NVIC_PriorityGroupConfig)
    PendSV_Handler                           0x08001f61   Thumb Code     2  stm32f10x_it.o(i.PendSV_Handler)
    RCC_ADCCLKConfig                         0x08001f65   Thumb Code    18  stm32f10x_rcc.o(i.RCC_ADCCLKConfig)
    RCC_AHBPeriphClockCmd                    0x08001f7d   Thumb Code    26  stm32f10x_rcc.o(i.RCC_AHBPeriphClockCmd)
    RCC_APB1PeriphClockCmd                   0x08001f9d   Thumb Code    26  stm32f10x_rcc.o(i.RCC_APB1PeriphClockCmd)
    RCC_APB2PeriphClockCmd                   0x08001fbd   Thumb Code    26  stm32f10x_rcc.o(i.RCC_APB2PeriphClockCmd)
    RCC_GetClocksFreq                        0x08001fdd   Thumb Code   192  stm32f10x_rcc.o(i.RCC_GetClocksFreq)
    Read_DMP                                 0x080020b1   Thumb Code   560  mpu6050.o(i.Read_DMP)
    SPI_Cmd                                  0x0800230d   Thumb Code    24  stm32f10x_spi.o(i.SPI_Cmd)
    SPI_FLASH_Init                           0x08002325   Thumb Code   178  spi.o(i.SPI_FLASH_Init)
    SPI_Init                                 0x080023e5   Thumb Code    60  stm32f10x_spi.o(i.SPI_Init)
    SVC_Handler                              0x08002421   Thumb Code     2  stm32f10x_it.o(i.SVC_Handler)
    SysTick_Handler                          0x08002561   Thumb Code     2  stm32f10x_it.o(i.SysTick_Handler)
    SysTick_Init                             0x08002565   Thumb Code    26  systick.o(i.SysTick_Init)
    SystemInit                               0x08002589   Thumb Code    78  system_stm32f10x.o(i.SystemInit)
    TIM2_IRQHandler                          0x08002829   Thumb Code    24  stm32f10x_it.o(i.TIM2_IRQHandler)
    TIM4_IRQHandler                          0x08002841   Thumb Code    18  stm32f10x_it.o(i.TIM4_IRQHandler)
    TIM6_IRQHandler                          0x08002859   Thumb Code    32  stm32f10x_it.o(i.TIM6_IRQHandler)
    TIM_ClearFlag                            0x08002881   Thumb Code     6  stm32f10x_tim.o(i.TIM_ClearFlag)
    TIM_ClearITPendingBit                    0x08002887   Thumb Code     6  stm32f10x_tim.o(i.TIM_ClearITPendingBit)
    TIM_Cmd                                  0x0800288d   Thumb Code    24  stm32f10x_tim.o(i.TIM_Cmd)
    TIM_EncoderInterfaceConfig               0x080028a5   Thumb Code    66  stm32f10x_tim.o(i.TIM_EncoderInterfaceConfig)
    TIM_GetITStatus                          0x080028e7   Thumb Code    34  stm32f10x_tim.o(i.TIM_GetITStatus)
    TIM_ICInit                               0x08002909   Thumb Code   150  stm32f10x_tim.o(i.TIM_ICInit)
    TIM_ICStructInit                         0x080029b5   Thumb Code    18  stm32f10x_tim.o(i.TIM_ICStructInit)
    TIM_ITConfig                             0x080029c7   Thumb Code    18  stm32f10x_tim.o(i.TIM_ITConfig)
    TIM_SetCounter                           0x080029d9   Thumb Code     4  stm32f10x_tim.o(i.TIM_SetCounter)
    TIM_SetIC1Prescaler                      0x080029dd   Thumb Code    18  stm32f10x_tim.o(i.TIM_SetIC1Prescaler)
    TIM_SetIC2Prescaler                      0x080029ef   Thumb Code    26  stm32f10x_tim.o(i.TIM_SetIC2Prescaler)
    TIM_SetIC3Prescaler                      0x08002a09   Thumb Code    18  stm32f10x_tim.o(i.TIM_SetIC3Prescaler)
    TIM_SetIC4Prescaler                      0x08002a1b   Thumb Code    26  stm32f10x_tim.o(i.TIM_SetIC4Prescaler)
    TIM_TimeBaseInit                         0x08002a35   Thumb Code   122  stm32f10x_tim.o(i.TIM_TimeBaseInit)
    TIM_TimeBaseStructInit                   0x08002ad9   Thumb Code    18  stm32f10x_tim.o(i.TIM_TimeBaseStructInit)
    USART_Cmd                                0x08002aeb   Thumb Code    24  stm32f10x_usart.o(i.USART_Cmd)
    USART_Config                             0x08002b05   Thumb Code   136  usart.o(i.USART_Config)
    USART_GetFlagStatus                      0x08002b95   Thumb Code    26  stm32f10x_usart.o(i.USART_GetFlagStatus)
    USART_ITConfig                           0x08002baf   Thumb Code    74  stm32f10x_usart.o(i.USART_ITConfig)
    USART_Init                               0x08002bf9   Thumb Code   210  stm32f10x_usart.o(i.USART_Init)
    USART_SendData                           0x08002cd1   Thumb Code     8  stm32f10x_usart.o(i.USART_SendData)
    UsageFault_Handler                       0x08002cd9   Thumb Code     4  stm32f10x_it.o(i.UsageFault_Handler)
    __0printf                                0x08002cdd   Thumb Code    22  printfa.o(i.__0printf)
    __1printf                                0x08002cdd   Thumb Code     0  printfa.o(i.__0printf)
    __2printf                                0x08002cdd   Thumb Code     0  printfa.o(i.__0printf)
    __c89printf                              0x08002cdd   Thumb Code     0  printfa.o(i.__0printf)
    printf                                   0x08002cdd   Thumb Code     0  printfa.o(i.__0printf)
    __ARM_fpclassify                         0x08002cfd   Thumb Code    40  fpclassify.o(i.__ARM_fpclassify)
    __kernel_poly                            0x08002d25   Thumb Code   170  poly.o(i.__kernel_poly)
    __mathlib_dbl_infnan                     0x08002dcf   Thumb Code     6  dunder.o(i.__mathlib_dbl_infnan)
    __mathlib_dbl_infnan2                    0x08002dd5   Thumb Code     4  dunder.o(i.__mathlib_dbl_infnan2)
    __mathlib_dbl_invalid                    0x08002dd9   Thumb Code    12  dunder.o(i.__mathlib_dbl_invalid)
    __mathlib_dbl_underflow                  0x08002de5   Thumb Code    10  dunder.o(i.__mathlib_dbl_underflow)
    __scatterload_copy                       0x08002df5   Thumb Code    14  handlers.o(i.__scatterload_copy)
    __scatterload_null                       0x08002e03   Thumb Code     2  handlers.o(i.__scatterload_null)
    __scatterload_zeroinit                   0x08002e05   Thumb Code    14  handlers.o(i.__scatterload_zeroinit)
    __set_errno                              0x08002e15   Thumb Code     6  errno.o(i.__set_errno)
    asin                                     0x0800377d   Thumb Code   572  asin.o(i.asin)
    atan                                     0x080039ed   Thumb Code   474  atan.o(i.atan)
    atan2                                    0x08003c0d   Thumb Code   346  atan2.o(i.atan2)
    delay_init                               0x08003df1   Thumb Code    56  delay.o(i.delay_init)
    delay_ms                                 0x08003e31   Thumb Code    56  delay.o(i.delay_ms)
    delay_us                                 0x08003e6d   Thumb Code    56  delay.o(i.delay_us)
    dmp_enable_6x_lp_quat                    0x08003ea9   Thumb Code    60  inv_mpu_dmp_motion_driver.o(i.dmp_enable_6x_lp_quat)
    dmp_enable_feature                       0x08003ee5   Thumb Code   530  inv_mpu_dmp_motion_driver.o(i.dmp_enable_feature)
    dmp_enable_gyro_cal                      0x08004101   Thumb Code    62  inv_mpu_dmp_motion_driver.o(i.dmp_enable_gyro_cal)
    dmp_enable_lp_quat                       0x08004159   Thumb Code    60  inv_mpu_dmp_motion_driver.o(i.dmp_enable_lp_quat)
    dmp_load_motion_driver_firmware          0x08004195   Thumb Code    20  inv_mpu_dmp_motion_driver.o(i.dmp_load_motion_driver_firmware)
    dmp_read_fifo                            0x080041ad   Thumb Code   456  inv_mpu_dmp_motion_driver.o(i.dmp_read_fifo)
    dmp_set_accel_bias                       0x08004379   Thumb Code   300  inv_mpu_dmp_motion_driver.o(i.dmp_set_accel_bias)
    dmp_set_fifo_rate                        0x080044a9   Thumb Code    96  inv_mpu_dmp_motion_driver.o(i.dmp_set_fifo_rate)
    dmp_set_gyro_bias                        0x08004519   Thumb Code   294  inv_mpu_dmp_motion_driver.o(i.dmp_set_gyro_bias)
    dmp_set_orientation                      0x08004649   Thumb Code   290  inv_mpu_dmp_motion_driver.o(i.dmp_set_orientation)
    dmp_set_shake_reject_thresh              0x08004781   Thumb Code    56  inv_mpu_dmp_motion_driver.o(i.dmp_set_shake_reject_thresh)
    dmp_set_shake_reject_time                0x080047b9   Thumb Code    38  inv_mpu_dmp_motion_driver.o(i.dmp_set_shake_reject_time)
    dmp_set_shake_reject_timeout             0x080047df   Thumb Code    38  inv_mpu_dmp_motion_driver.o(i.dmp_set_shake_reject_timeout)
    dmp_set_tap_axes                         0x08004805   Thumb Code    70  inv_mpu_dmp_motion_driver.o(i.dmp_set_tap_axes)
    dmp_set_tap_count                        0x0800484b   Thumb Code    38  inv_mpu_dmp_motion_driver.o(i.dmp_set_tap_count)
    dmp_set_tap_thresh                       0x08004871   Thumb Code   396  inv_mpu_dmp_motion_driver.o(i.dmp_set_tap_thresh)
    dmp_set_tap_time                         0x08004a11   Thumb Code    38  inv_mpu_dmp_motion_driver.o(i.dmp_set_tap_time)
    dmp_set_tap_time_multi                   0x08004a37   Thumb Code    38  inv_mpu_dmp_motion_driver.o(i.dmp_set_tap_time_multi)
    fputc                                    0x08004a5d   Thumb Code    32  usart.o(i.fputc)
    i2cRead                                  0x080050b5   Thumb Code   118  iic.o(i.i2cRead)
    i2cWrite                                 0x0800512b   Thumb Code    96  iic.o(i.i2cWrite)
    main                                     0x08005201   Thumb Code    98  main.o(i.main)
    mpu_configure_fifo                       0x08005275   Thumb Code   106  inv_mpu.o(i.mpu_configure_fifo)
    mpu_get_accel_fsr                        0x080052e5   Thumb Code    72  inv_mpu.o(i.mpu_get_accel_fsr)
    mpu_get_accel_sens                       0x08005331   Thumb Code    78  inv_mpu.o(i.mpu_get_accel_sens)
    mpu_get_fifo_config                      0x08005385   Thumb Code    12  inv_mpu.o(i.mpu_get_fifo_config)
    mpu_get_gyro_fsr                         0x08005395   Thumb Code    64  inv_mpu.o(i.mpu_get_gyro_fsr)
    mpu_get_gyro_sens                        0x080053d9   Thumb Code    58  inv_mpu.o(i.mpu_get_gyro_sens)
    mpu_get_lpf                              0x08005429   Thumb Code    74  inv_mpu.o(i.mpu_get_lpf)
    mpu_get_sample_rate                      0x08005479   Thumb Code    26  inv_mpu.o(i.mpu_get_sample_rate)
    mpu_init                                 0x08005499   Thumb Code   416  inv_mpu.o(i.mpu_init)
    mpu_load_firmware                        0x08005689   Thumb Code   180  inv_mpu.o(i.mpu_load_firmware)
    mpu_lp_accel_mode                        0x08005741   Thumb Code   218  inv_mpu.o(i.mpu_lp_accel_mode)
    mpu_read_fifo_stream                     0x08005821   Thumb Code   186  inv_mpu.o(i.mpu_read_fifo_stream)
    mpu_read_mem                             0x080058e1   Thumb Code   122  inv_mpu.o(i.mpu_read_mem)
    mpu_reset_fifo                           0x08005961   Thumb Code   438  inv_mpu.o(i.mpu_reset_fifo)
    mpu_run_self_test                        0x08005b1d   Thumb Code   278  inv_mpu.o(i.mpu_run_self_test)
    mpu_set_accel_fsr                        0x08005c39   Thumb Code   126  inv_mpu.o(i.mpu_set_accel_fsr)
    mpu_set_bypass                           0x08005cbd   Thumb Code   328  inv_mpu.o(i.mpu_set_bypass)
    mpu_set_dmp_state                        0x08005e09   Thumb Code   138  inv_mpu.o(i.mpu_set_dmp_state)
    mpu_set_gyro_fsr                         0x08005e99   Thumb Code   132  inv_mpu.o(i.mpu_set_gyro_fsr)
    mpu_set_int_latched                      0x08005f21   Thumb Code   102  inv_mpu.o(i.mpu_set_int_latched)
    mpu_set_lpf                              0x08005f8d   Thumb Code   126  inv_mpu.o(i.mpu_set_lpf)
    mpu_set_sample_rate                      0x08006011   Thumb Code   152  inv_mpu.o(i.mpu_set_sample_rate)
    mpu_set_sensors                          0x080060ad   Thumb Code   202  inv_mpu.o(i.mpu_set_sensors)
    mpu_write_mem                            0x0800617d   Thumb Code   122  inv_mpu.o(i.mpu_write_mem)
    myget_ms                                 0x080061fd   Thumb Code     2  inv_mpu.o(i.myget_ms)
    sqrt                                     0x0800634d   Thumb Code    76  sqrt.o(i.sqrt)
    hw                                       0x08006398   Data          12  inv_mpu.o(.constdata)
    reg                                      0x080063a4   Data          27  inv_mpu.o(.constdata)
    test                                     0x080063c0   Data          40  inv_mpu.o(.constdata)
    __mathlib_zero                           0x080070c8   Data           8  qnan.o(.constdata)
    Region$$Table$$Base                      0x08007120   Number         0  anon$$obj.o(Region$$Table)
    Region$$Table$$Limit                     0x08007140   Number         0  anon$$obj.o(Region$$Table)
    SystemCoreClock                          0x20000000   Data           4  system_stm32f10x.o(.data)
    AHBPrescTable                            0x20000004   Data          16  system_stm32f10x.o(.data)
    time                                     0x20000028   Data           4  stm32f10x_it.o(.data)
    EEPROM_ADDRESS                           0x2000002c   Data           2  hardware_i2c.o(.data)
    gyro                                     0x20000064   Data           6  mpu6050.o(.data)
    accel                                    0x2000006a   Data           6  mpu6050.o(.data)
    sensors                                  0x20000070   Data           2  mpu6050.o(.data)
    Pitch                                    0x20000074   Data           4  mpu6050.o(.data)
    Roll                                     0x20000078   Data           4  mpu6050.o(.data)
    Yaw                                      0x2000007c   Data           4  mpu6050.o(.data)
    q0                                       0x20000080   Data           4  mpu6050.o(.data)
    q1                                       0x20000084   Data           4  mpu6050.o(.data)
    q2                                       0x20000088   Data           4  mpu6050.o(.data)
    q3                                       0x2000008c   Data           4  mpu6050.o(.data)
    Gx_offset                                0x2000009a   Data           2  mpu6050.o(.data)
    Gy_offset                                0x2000009c   Data           2  mpu6050.o(.data)
    Gz_offset                                0x2000009e   Data           2  mpu6050.o(.data)
    count                                    0x200000a0   Data           4  mpu6050.o(.data)
    __stdout                                 0x200000a4   Data           4  stdout.o(.data)
    ADC_ConvertedValue                       0x200000ac   Data          12  adc.o(.bss)
    __initial_sp                             0x200004c8   Data           0  startup_stm32f10x_hd.o(STACK)



==============================================================================

Memory Map of the image

  Image Entry point : 0x08000145

  Load Region LR_1 (Base: 0x08000000, Size: 0x000071ec, Max: 0xffffffff, ABSOLUTE)

    Execution Region ER_RO (Exec base: 0x08000000, Load base: 0x08000000, Size: 0x00007140, Max: 0xffffffff, ABSOLUTE)

    Exec Addr    Load Addr    Size         Type   Attr      Idx    E Section Name        Object

    0x08000000   0x08000000   0x00000130   Data   RO            3    RESET               startup_stm32f10x_hd.o
    0x08000130   0x08000130   0x00000000   Code   RO         4601  * .ARM.Collect$$$$00000000  mc_w.l(entry.o)
    0x08000130   0x08000130   0x00000004   Code   RO         4934    .ARM.Collect$$$$00000001  mc_w.l(entry2.o)
    0x08000134   0x08000134   0x00000004   Code   RO         4937    .ARM.Collect$$$$00000004  mc_w.l(entry5.o)
    0x08000138   0x08000138   0x00000000   Code   RO         4939    .ARM.Collect$$$$00000008  mc_w.l(entry7b.o)
    0x08000138   0x08000138   0x00000000   Code   RO         4941    .ARM.Collect$$$$0000000A  mc_w.l(entry8b.o)
    0x08000138   0x08000138   0x00000008   Code   RO         4942    .ARM.Collect$$$$0000000B  mc_w.l(entry9a.o)
    0x08000140   0x08000140   0x00000000   Code   RO         4944    .ARM.Collect$$$$0000000D  mc_w.l(entry10a.o)
    0x08000140   0x08000140   0x00000000   Code   RO         4946    .ARM.Collect$$$$0000000F  mc_w.l(entry11a.o)
    0x08000140   0x08000140   0x00000004   Code   RO         4935    .ARM.Collect$$$$00002712  mc_w.l(entry2.o)
    0x08000144   0x08000144   0x00000024   Code   RO            4  * .text               startup_stm32f10x_hd.o
    0x08000168   0x08000168   0x00000062   Code   RO         4604    .text               mc_w.l(ldiv.o)
    0x080001ca   0x080001ca   0x00000024   Code   RO         4606    .text               mc_w.l(memseta.o)
    0x080001ee   0x080001ee   0x0000001a   Code   RO         4608    .text               mc_w.l(memcmp.o)
    0x08000208   0x08000208   0x000000b0   Code   RO         4871    .text               mf_w.l(fadd.o)
    0x080002b8   0x080002b8   0x00000064   Code   RO         4873    .text               mf_w.l(fmul.o)
    0x0800031c   0x0800031c   0x0000007c   Code   RO         4875    .text               mf_w.l(fdiv.o)
    0x08000398   0x08000398   0x0000014e   Code   RO         4877    .text               mf_w.l(dadd.o)
    0x080004e6   0x080004e6   0x000000e4   Code   RO         4879    .text               mf_w.l(dmul.o)
    0x080005ca   0x080005ca   0x00000012   Code   RO         4881    .text               mf_w.l(fflti.o)
    0x080005dc   0x080005dc   0x0000000a   Code   RO         4883    .text               mf_w.l(ffltui.o)
    0x080005e6   0x080005e6   0x00000032   Code   RO         4885    .text               mf_w.l(ffixi.o)
    0x08000618   0x08000618   0x00000028   Code   RO         4887    .text               mf_w.l(ffixui.o)
    0x08000640   0x08000640   0x00000026   Code   RO         4889    .text               mf_w.l(f2d.o)
    0x08000666   0x08000666   0x00000038   Code   RO         4891    .text               mf_w.l(d2f.o)
    0x0800069e   0x0800069e   0x00000002   PAD
    0x080006a0   0x080006a0   0x00000014   Code   RO         4893    .text               mf_w.l(cfcmple.o)
    0x080006b4   0x080006b4   0x00000014   Code   RO         4895    .text               mf_w.l(cfrcmple.o)
    0x080006c8   0x080006c8   0x0000002c   Code   RO         4949    .text               mc_w.l(uidiv.o)
    0x080006f4   0x080006f4   0x00000062   Code   RO         4951    .text               mc_w.l(uldiv.o)
    0x08000756   0x08000756   0x0000001e   Code   RO         4953    .text               mc_w.l(llshl.o)
    0x08000774   0x08000774   0x00000024   Code   RO         4955    .text               mc_w.l(llsshr.o)
    0x08000798   0x08000798   0x00000000   Code   RO         4964    .text               mc_w.l(iusefp.o)
    0x08000798   0x08000798   0x0000006e   Code   RO         4965    .text               mf_w.l(fepilogue.o)
    0x08000806   0x08000806   0x000000ba   Code   RO         4967    .text               mf_w.l(depilogue.o)
    0x080008c0   0x080008c0   0x000000de   Code   RO         4969    .text               mf_w.l(ddiv.o)
    0x0800099e   0x0800099e   0x0000002e   Code   RO         4971    .text               mf_w.l(dscalb.o)
    0x080009cc   0x080009cc   0x00000030   Code   RO         4973    .text               mf_w.l(dfixul.o)
    0x080009fc   0x080009fc   0x00000030   Code   RO         4975    .text               mf_w.l(cdrcmple.o)
    0x08000a2c   0x08000a2c   0x00000024   Code   RO         4977    .text               mc_w.l(init.o)
    0x08000a50   0x08000a50   0x00000020   Code   RO         4979    .text               mc_w.l(llushr.o)
    0x08000a70   0x08000a70   0x000000a2   Code   RO         4981    .text               mf_w.l(dsqrt.o)
    0x08000b12   0x08000b12   0x00000016   Code   RO          183    i.ADC_Cmd           stm32f10x_adc.o
    0x08000b28   0x08000b28   0x00000016   Code   RO          184    i.ADC_DMACmd        stm32f10x_adc.o
    0x08000b3e   0x08000b3e   0x00000014   Code   RO          191    i.ADC_GetCalibrationStatus  stm32f10x_adc.o
    0x08000b52   0x08000b52   0x00000014   Code   RO          197    i.ADC_GetResetCalibrationStatus  stm32f10x_adc.o
    0x08000b66   0x08000b66   0x00000002   PAD
    0x08000b68   0x08000b68   0x00000050   Code   RO          201    i.ADC_Init          stm32f10x_adc.o
    0x08000bb8   0x08000bb8   0x000000b8   Code   RO          205    i.ADC_RegularChannelConfig  stm32f10x_adc.o
    0x08000c70   0x08000c70   0x0000000a   Code   RO          206    i.ADC_ResetCalibration  stm32f10x_adc.o
    0x08000c7a   0x08000c7a   0x00000016   Code   RO          208    i.ADC_SoftwareStartConvCmd  stm32f10x_adc.o
    0x08000c90   0x08000c90   0x0000000a   Code   RO          210    i.ADC_StartCalibration  stm32f10x_adc.o
    0x08000c9a   0x08000c9a   0x00000002   PAD
    0x08000c9c   0x08000c9c   0x00000024   Code   RO         3554    i.ADCx_GPIO_Config  adc.o
    0x08000cc0   0x08000cc0   0x0000000c   Code   RO         3555    i.ADCx_Init         adc.o
    0x08000ccc   0x08000ccc   0x00000134   Code   RO         3556    i.ADCx_Mode_Config  adc.o
    0x08000e00   0x08000e00   0x0000000c   Code   RO         3625    i.BASIC_TIM_Init    basetimer_6.o
    0x08000e0c   0x08000e0c   0x00000040   Code   RO         3626    i.BASIC_TIM_Mode_Config  basetimer_6.o
    0x08000e4c   0x08000e4c   0x0000002a   Code   RO         3627    i.BASIC_TIM_NVIC_Config  basetimer_6.o
    0x08000e76   0x08000e76   0x00000002   PAD
    0x08000e78   0x08000e78   0x00000038   Code   RO         3298    i.BUZZER_GPIO_Config  buzzer.o
    0x08000eb0   0x08000eb0   0x00000004   Code   RO         3202    i.BusFault_Handler  stm32f10x_it.o
    0x08000eb4   0x08000eb4   0x00000018   Code   RO          868    i.DMA_Cmd           stm32f10x_dma.o
    0x08000ecc   0x08000ecc   0x0000014c   Code   RO          869    i.DMA_DeInit        stm32f10x_dma.o
    0x08001018   0x08001018   0x0000003c   Code   RO          874    i.DMA_Init          stm32f10x_dma.o
    0x08001054   0x08001054   0x00000210   Code   RO         4454    i.DMP_Init          mpu6050.o
    0x08001264   0x08001264   0x00000002   Code   RO         3203    i.DebugMon_Handler  stm32f10x_it.o
    0x08001266   0x08001266   0x00000012   Code   RO         3204    i.EXTI0_IRQHandler  stm32f10x_it.o
    0x08001278   0x08001278   0x00000016   Code   RO         3205    i.EXTI15_10_IRQHandler  stm32f10x_it.o
    0x0800128e   0x0800128e   0x00000002   PAD
    0x08001290   0x08001290   0x0000000c   Code   RO          939    i.EXTI_ClearITPendingBit  stm32f10x_exti.o
    0x0800129c   0x0800129c   0x00000028   Code   RO          943    i.EXTI_GetITStatus  stm32f10x_exti.o
    0x080012c4   0x080012c4   0x00000094   Code   RO          944    i.EXTI_Init         stm32f10x_exti.o
    0x08001358   0x08001358   0x0000008c   Code   RO         3310    i.EXTI_Key_Config   exti.o
    0x080013e4   0x080013e4   0x000000a0   Code   RO         3647    i.Encoder_Init_TIM2  encoder.o
    0x08001484   0x08001484   0x0000009c   Code   RO         3648    i.Encoder_Init_TIM4  encoder.o
    0x08001520   0x08001520   0x00000094   Code   RO         3579    i.GENERAL_TIM_GPIO_Config  generaltimer_3.o
    0x080015b4   0x080015b4   0x0000000c   Code   RO         3580    i.GENERAL_TIM_Init  generaltimer_3.o
    0x080015c0   0x080015c0   0x00000034   Code   RO         3581    i.GENERAL_TIM_Mode_Config  generaltimer_3.o
    0x080015f4   0x080015f4   0x00000040   Code   RO         1289    i.GPIO_EXTILineConfig  stm32f10x_gpio.o
    0x08001634   0x08001634   0x00000116   Code   RO         1292    i.GPIO_Init         stm32f10x_gpio.o
    0x0800174a   0x0800174a   0x00000004   Code   RO         1299    i.GPIO_ResetBits    stm32f10x_gpio.o
    0x0800174e   0x0800174e   0x00000004   Code   RO         1300    i.GPIO_SetBits      stm32f10x_gpio.o
    0x08001752   0x08001752   0x00000004   Code   RO         3206    i.HardFault_Handler  stm32f10x_it.o
    0x08001756   0x08001756   0x00000018   Code   RO         1406    i.I2C_Cmd           stm32f10x_i2c.o
    0x0800176e   0x0800176e   0x00000002   PAD
    0x08001770   0x08001770   0x00000084   Code   RO         3743    i.I2C_EE_Config     simulation_i2c.o
    0x080017f4   0x080017f4   0x00000018   Code   RO         3674    i.I2C_EE_Init       hardware_i2c.o
    0x0800180c   0x0800180c   0x0000004c   Code   RO         3677    i.I2C_GPIO_Config   hardware_i2c.o
    0x08001858   0x08001858   0x000000ec   Code   RO         1420    i.I2C_Init          stm32f10x_i2c.o
    0x08001944   0x08001944   0x00000044   Code   RO         3678    i.I2C_Mode_Configu  hardware_i2c.o
    0x08001988   0x08001988   0x00000046   Code   RO         4270    i.I2C_ReadOneByte   iic.o
    0x080019ce   0x080019ce   0x00000002   PAD
    0x080019d0   0x080019d0   0x0000004c   Code   RO         4271    i.IIC_Ack           iic.o
    0x08001a1c   0x08001a1c   0x00000034   Code   RO         4272    i.IIC_Init          iic.o
    0x08001a50   0x08001a50   0x0000004c   Code   RO         4273    i.IIC_NAck          iic.o
    0x08001a9c   0x08001a9c   0x00000070   Code   RO         4274    i.IIC_Read_Byte     iic.o
    0x08001b0c   0x08001b0c   0x00000064   Code   RO         4275    i.IIC_Send_Byte     iic.o
    0x08001b70   0x08001b70   0x00000068   Code   RO         4276    i.IIC_Start         iic.o
    0x08001bd8   0x08001bd8   0x00000048   Code   RO         4277    i.IIC_Stop          iic.o
    0x08001c20   0x08001c20   0x00000068   Code   RO         4278    i.IIC_Wait_Ack      iic.o
    0x08001c88   0x08001c88   0x00000016   Code   RO         4279    i.IICreadByte       iic.o
    0x08001c9e   0x08001c9e   0x00000040   Code   RO         4281    i.IICwriteBit       iic.o
    0x08001cde   0x08001cde   0x0000006a   Code   RO         4282    i.IICwriteBits      iic.o
    0x08001d48   0x08001d48   0x00000014   Code   RO         4283    i.IICwriteByte      iic.o
    0x08001d5c   0x08001d5c   0x00000046   Code   RO         4284    i.IICwriteBytes     iic.o
    0x08001da2   0x08001da2   0x00000002   PAD
    0x08001da4   0x08001da4   0x00000040   Code   RO         3327    i.Key_GPIO_Config   key.o
    0x08001de4   0x08001de4   0x00000028   Code   RO         4456    i.MPU6050_initialize  mpu6050.o
    0x08001e0c   0x08001e0c   0x00000014   Code   RO         4458    i.MPU6050_setClockSource  mpu6050.o
    0x08001e20   0x08001e20   0x00000014   Code   RO         4459    i.MPU6050_setFullScaleAccelRange  mpu6050.o
    0x08001e34   0x08001e34   0x00000014   Code   RO         4460    i.MPU6050_setFullScaleGyroRange  mpu6050.o
    0x08001e48   0x08001e48   0x00000012   Code   RO         4461    i.MPU6050_setI2CBypassEnabled  mpu6050.o
    0x08001e5a   0x08001e5a   0x00000012   Code   RO         4462    i.MPU6050_setI2CMasterModeEnabled  mpu6050.o
    0x08001e6c   0x08001e6c   0x00000012   Code   RO         4463    i.MPU6050_setSleepEnabled  mpu6050.o
    0x08001e7e   0x08001e7e   0x00000004   Code   RO         3207    i.MemManage_Handler  stm32f10x_it.o
    0x08001e82   0x08001e82   0x00000002   Code   RO         3208    i.NMI_Handler       stm32f10x_it.o
    0x08001e84   0x08001e84   0x00000032   Code   RO         3311    i.NVIC_Configuration  exti.o
    0x08001eb6   0x08001eb6   0x00000026   Code   RO         3392    i.NVIC_Configuration  usart.o
    0x08001edc   0x08001edc   0x00000070   Code   RO          137    i.NVIC_Init         misc.o
    0x08001f4c   0x08001f4c   0x00000014   Code   RO          138    i.NVIC_PriorityGroupConfig  misc.o
    0x08001f60   0x08001f60   0x00000002   Code   RO         3209    i.PendSV_Handler    stm32f10x_it.o
    0x08001f62   0x08001f62   0x00000002   PAD
    0x08001f64   0x08001f64   0x00000018   Code   RO         1706    i.RCC_ADCCLKConfig  stm32f10x_rcc.o
    0x08001f7c   0x08001f7c   0x00000020   Code   RO         1707    i.RCC_AHBPeriphClockCmd  stm32f10x_rcc.o
    0x08001f9c   0x08001f9c   0x00000020   Code   RO         1708    i.RCC_APB1PeriphClockCmd  stm32f10x_rcc.o
    0x08001fbc   0x08001fbc   0x00000020   Code   RO         1710    i.RCC_APB2PeriphClockCmd  stm32f10x_rcc.o
    0x08001fdc   0x08001fdc   0x000000d4   Code   RO         1718    i.RCC_GetClocksFreq  stm32f10x_rcc.o
    0x080020b0   0x080020b0   0x0000025c   Code   RO         4465    i.Read_DMP          mpu6050.o
    0x0800230c   0x0800230c   0x00000018   Code   RO         2187    i.SPI_Cmd           stm32f10x_spi.o
    0x08002324   0x08002324   0x000000c0   Code   RO         3448    i.SPI_FLASH_Init    spi.o
    0x080023e4   0x080023e4   0x0000003c   Code   RO         2200    i.SPI_Init          stm32f10x_spi.o
    0x08002420   0x08002420   0x00000002   Code   RO         3210    i.SVC_Handler       stm32f10x_it.o
    0x08002422   0x08002422   0x00000008   Code   RO           24    i.SetSysClock       system_stm32f10x.o
    0x0800242a   0x0800242a   0x00000002   PAD
    0x0800242c   0x0800242c   0x000000e0   Code   RO           25    i.SetSysClockTo72   system_stm32f10x.o
    0x0800250c   0x0800250c   0x00000054   Code   RO         3346    i.SysTick_Config    systick.o
    0x08002560   0x08002560   0x00000002   Code   RO         3211    i.SysTick_Handler   stm32f10x_it.o
    0x08002562   0x08002562   0x00000002   PAD
    0x08002564   0x08002564   0x00000024   Code   RO         3349    i.SysTick_Init      systick.o
    0x08002588   0x08002588   0x00000060   Code   RO           27    i.SystemInit        system_stm32f10x.o
    0x080025e8   0x080025e8   0x00000080   Code   RO         2326    i.TI1_Config        stm32f10x_tim.o
    0x08002668   0x08002668   0x00000098   Code   RO         2327    i.TI2_Config        stm32f10x_tim.o
    0x08002700   0x08002700   0x00000090   Code   RO         2328    i.TI3_Config        stm32f10x_tim.o
    0x08002790   0x08002790   0x00000098   Code   RO         2329    i.TI4_Config        stm32f10x_tim.o
    0x08002828   0x08002828   0x00000018   Code   RO         3212    i.TIM2_IRQHandler   stm32f10x_it.o
    0x08002840   0x08002840   0x00000018   Code   RO         3213    i.TIM4_IRQHandler   stm32f10x_it.o
    0x08002858   0x08002858   0x00000028   Code   RO         3214    i.TIM6_IRQHandler   stm32f10x_it.o
    0x08002880   0x08002880   0x00000006   Code   RO         2336    i.TIM_ClearFlag     stm32f10x_tim.o
    0x08002886   0x08002886   0x00000006   Code   RO         2337    i.TIM_ClearITPendingBit  stm32f10x_tim.o
    0x0800288c   0x0800288c   0x00000018   Code   RO         2342    i.TIM_Cmd           stm32f10x_tim.o
    0x080028a4   0x080028a4   0x00000042   Code   RO         2351    i.TIM_EncoderInterfaceConfig  stm32f10x_tim.o
    0x080028e6   0x080028e6   0x00000022   Code   RO         2363    i.TIM_GetITStatus   stm32f10x_tim.o
    0x08002908   0x08002908   0x000000ac   Code   RO         2365    i.TIM_ICInit        stm32f10x_tim.o
    0x080029b4   0x080029b4   0x00000012   Code   RO         2366    i.TIM_ICStructInit  stm32f10x_tim.o
    0x080029c6   0x080029c6   0x00000012   Code   RO         2367    i.TIM_ITConfig      stm32f10x_tim.o
    0x080029d8   0x080029d8   0x00000004   Code   RO         2407    i.TIM_SetCounter    stm32f10x_tim.o
    0x080029dc   0x080029dc   0x00000012   Code   RO         2408    i.TIM_SetIC1Prescaler  stm32f10x_tim.o
    0x080029ee   0x080029ee   0x0000001a   Code   RO         2409    i.TIM_SetIC2Prescaler  stm32f10x_tim.o
    0x08002a08   0x08002a08   0x00000012   Code   RO         2410    i.TIM_SetIC3Prescaler  stm32f10x_tim.o
    0x08002a1a   0x08002a1a   0x0000001a   Code   RO         2411    i.TIM_SetIC4Prescaler  stm32f10x_tim.o
    0x08002a34   0x08002a34   0x000000a4   Code   RO         2413    i.TIM_TimeBaseInit  stm32f10x_tim.o
    0x08002ad8   0x08002ad8   0x00000012   Code   RO         2414    i.TIM_TimeBaseStructInit  stm32f10x_tim.o
    0x08002aea   0x08002aea   0x00000018   Code   RO         2878    i.USART_Cmd         stm32f10x_usart.o
    0x08002b02   0x08002b02   0x00000002   PAD
    0x08002b04   0x08002b04   0x00000090   Code   RO         3393    i.USART_Config      usart.o
    0x08002b94   0x08002b94   0x0000001a   Code   RO         2881    i.USART_GetFlagStatus  stm32f10x_usart.o
    0x08002bae   0x08002bae   0x0000004a   Code   RO         2884    i.USART_ITConfig    stm32f10x_usart.o
    0x08002bf8   0x08002bf8   0x000000d8   Code   RO         2885    i.USART_Init        stm32f10x_usart.o
    0x08002cd0   0x08002cd0   0x00000008   Code   RO         2895    i.USART_SendData    stm32f10x_usart.o
    0x08002cd8   0x08002cd8   0x00000004   Code   RO         3215    i.UsageFault_Handler  stm32f10x_it.o
    0x08002cdc   0x08002cdc   0x00000020   Code   RO         4843    i.__0printf         mc_w.l(printfa.o)
    0x08002cfc   0x08002cfc   0x00000028   Code   RO         4921    i.__ARM_fpclassify  m_ws.l(fpclassify.o)
    0x08002d24   0x08002d24   0x000000aa   Code   RO         4923    i.__kernel_poly     m_ws.l(poly.o)
    0x08002dce   0x08002dce   0x00000006   Code   RO         4908    i.__mathlib_dbl_infnan  m_ws.l(dunder.o)
    0x08002dd4   0x08002dd4   0x00000004   Code   RO         4909    i.__mathlib_dbl_infnan2  m_ws.l(dunder.o)
    0x08002dd8   0x08002dd8   0x0000000c   Code   RO         4910    i.__mathlib_dbl_invalid  m_ws.l(dunder.o)
    0x08002de4   0x08002de4   0x00000010   Code   RO         4913    i.__mathlib_dbl_underflow  m_ws.l(dunder.o)
    0x08002df4   0x08002df4   0x0000000e   Code   RO         4987    i.__scatterload_copy  mc_w.l(handlers.o)
    0x08002e02   0x08002e02   0x00000002   Code   RO         4988    i.__scatterload_null  mc_w.l(handlers.o)
    0x08002e04   0x08002e04   0x0000000e   Code   RO         4989    i.__scatterload_zeroinit  mc_w.l(handlers.o)
    0x08002e12   0x08002e12   0x00000002   PAD
    0x08002e14   0x08002e14   0x0000000c   Code   RO         4959    i.__set_errno       mc_w.l(errno.o)
    0x08002e20   0x08002e20   0x00000184   Code   RO         4850    i._fp_digits        mc_w.l(printfa.o)
    0x08002fa4   0x08002fa4   0x000006dc   Code   RO         4851    i._printf_core      mc_w.l(printfa.o)
    0x08003680   0x08003680   0x00000024   Code   RO         4852    i._printf_post_padding  mc_w.l(printfa.o)
    0x080036a4   0x080036a4   0x0000002e   Code   RO         4853    i._printf_pre_padding  mc_w.l(printfa.o)
    0x080036d2   0x080036d2   0x00000002   PAD
    0x080036d4   0x080036d4   0x000000a8   Code   RO         3775    i.accel_self_test   inv_mpu.o
    0x0800377c   0x0800377c   0x00000270   Code   RO         4584    i.asin              m_ws.l(asin.o)
    0x080039ec   0x080039ec   0x00000220   Code   RO         4898    i.atan              m_ws.l(atan.o)
    0x08003c0c   0x08003c0c   0x00000180   Code   RO         4594    i.atan2             m_ws.l(atan2.o)
    0x08003d8c   0x08003d8c   0x00000064   Code   RO         4068    i.decode_gesture    inv_mpu_dmp_motion_driver.o
    0x08003df0   0x08003df0   0x00000040   Code   RO         4244    i.delay_init        delay.o
    0x08003e30   0x08003e30   0x0000003c   Code   RO         4245    i.delay_ms          delay.o
    0x08003e6c   0x08003e6c   0x0000003c   Code   RO         4246    i.delay_us          delay.o
    0x08003ea8   0x08003ea8   0x0000003c   Code   RO         4069    i.dmp_enable_6x_lp_quat  inv_mpu_dmp_motion_driver.o
    0x08003ee4   0x08003ee4   0x0000021c   Code   RO         4070    i.dmp_enable_feature  inv_mpu_dmp_motion_driver.o
    0x08004100   0x08004100   0x00000058   Code   RO         4071    i.dmp_enable_gyro_cal  inv_mpu_dmp_motion_driver.o
    0x08004158   0x08004158   0x0000003c   Code   RO         4072    i.dmp_enable_lp_quat  inv_mpu_dmp_motion_driver.o
    0x08004194   0x08004194   0x00000018   Code   RO         4077    i.dmp_load_motion_driver_firmware  inv_mpu_dmp_motion_driver.o
    0x080041ac   0x080041ac   0x000001cc   Code   RO         4078    i.dmp_read_fifo     inv_mpu_dmp_motion_driver.o
    0x08004378   0x08004378   0x00000130   Code   RO         4081    i.dmp_set_accel_bias  inv_mpu_dmp_motion_driver.o
    0x080044a8   0x080044a8   0x00000070   Code   RO         4082    i.dmp_set_fifo_rate  inv_mpu_dmp_motion_driver.o
    0x08004518   0x08004518   0x00000130   Code   RO         4083    i.dmp_set_gyro_bias  inv_mpu_dmp_motion_driver.o
    0x08004648   0x08004648   0x00000138   Code   RO         4085    i.dmp_set_orientation  inv_mpu_dmp_motion_driver.o
    0x08004780   0x08004780   0x00000038   Code   RO         4088    i.dmp_set_shake_reject_thresh  inv_mpu_dmp_motion_driver.o
    0x080047b8   0x080047b8   0x00000026   Code   RO         4089    i.dmp_set_shake_reject_time  inv_mpu_dmp_motion_driver.o
    0x080047de   0x080047de   0x00000026   Code   RO         4090    i.dmp_set_shake_reject_timeout  inv_mpu_dmp_motion_driver.o
    0x08004804   0x08004804   0x00000046   Code   RO         4091    i.dmp_set_tap_axes  inv_mpu_dmp_motion_driver.o
    0x0800484a   0x0800484a   0x00000026   Code   RO         4092    i.dmp_set_tap_count  inv_mpu_dmp_motion_driver.o
    0x08004870   0x08004870   0x000001a0   Code   RO         4093    i.dmp_set_tap_thresh  inv_mpu_dmp_motion_driver.o
    0x08004a10   0x08004a10   0x00000026   Code   RO         4094    i.dmp_set_tap_time  inv_mpu_dmp_motion_driver.o
    0x08004a36   0x08004a36   0x00000026   Code   RO         4095    i.dmp_set_tap_time_multi  inv_mpu_dmp_motion_driver.o
    0x08004a5c   0x08004a5c   0x00000024   Code   RO         3399    i.fputc             usart.o
    0x08004a80   0x08004a80   0x000000b4   Code   RO         3776    i.get_accel_prod_shift  inv_mpu.o
    0x08004b34   0x08004b34   0x00000470   Code   RO         3777    i.get_st_biases     inv_mpu.o
    0x08004fa4   0x08004fa4   0x00000110   Code   RO         3778    i.gyro_self_test    inv_mpu.o
    0x080050b4   0x080050b4   0x00000076   Code   RO         4285    i.i2cRead           iic.o
    0x0800512a   0x0800512a   0x00000060   Code   RO         4286    i.i2cWrite          iic.o
    0x0800518a   0x0800518a   0x00000028   Code   RO         4467    i.inv_orientation_matrix_to_scalar  mpu6050.o
    0x080051b2   0x080051b2   0x0000004e   Code   RO         4468    i.inv_row_2_scale   mpu6050.o
    0x08005200   0x08005200   0x00000074   Code   RO         3108    i.main              main.o
    0x08005274   0x08005274   0x00000070   Code   RO         3779    i.mpu_configure_fifo  inv_mpu.o
    0x080052e4   0x080052e4   0x0000004c   Code   RO         3780    i.mpu_get_accel_fsr  inv_mpu.o
    0x08005330   0x08005330   0x00000054   Code   RO         3782    i.mpu_get_accel_sens  inv_mpu.o
    0x08005384   0x08005384   0x00000010   Code   RO         3787    i.mpu_get_fifo_config  inv_mpu.o
    0x08005394   0x08005394   0x00000044   Code   RO         3788    i.mpu_get_gyro_fsr  inv_mpu.o
    0x080053d8   0x080053d8   0x00000050   Code   RO         3790    i.mpu_get_gyro_sens  inv_mpu.o
    0x08005428   0x08005428   0x00000050   Code   RO         3792    i.mpu_get_lpf       inv_mpu.o
    0x08005478   0x08005478   0x00000020   Code   RO         3794    i.mpu_get_sample_rate  inv_mpu.o
    0x08005498   0x08005498   0x000001f0   Code   RO         3796    i.mpu_init          inv_mpu.o
    0x08005688   0x08005688   0x000000b8   Code   RO         3797    i.mpu_load_firmware  inv_mpu.o
    0x08005740   0x08005740   0x000000e0   Code   RO         3798    i.mpu_lp_accel_mode  inv_mpu.o
    0x08005820   0x08005820   0x000000c0   Code   RO         3801    i.mpu_read_fifo_stream  inv_mpu.o
    0x080058e0   0x080058e0   0x00000080   Code   RO         3802    i.mpu_read_mem      inv_mpu.o
    0x08005960   0x08005960   0x000001bc   Code   RO         3805    i.mpu_reset_fifo    inv_mpu.o
    0x08005b1c   0x08005b1c   0x0000011c   Code   RO         3806    i.mpu_run_self_test  inv_mpu.o
    0x08005c38   0x08005c38   0x00000084   Code   RO         3808    i.mpu_set_accel_fsr  inv_mpu.o
    0x08005cbc   0x08005cbc   0x0000014c   Code   RO         3809    i.mpu_set_bypass    inv_mpu.o
    0x08005e08   0x08005e08   0x00000090   Code   RO         3811    i.mpu_set_dmp_state  inv_mpu.o
    0x08005e98   0x08005e98   0x00000088   Code   RO         3812    i.mpu_set_gyro_fsr  inv_mpu.o
    0x08005f20   0x08005f20   0x0000006c   Code   RO         3813    i.mpu_set_int_latched  inv_mpu.o
    0x08005f8c   0x08005f8c   0x00000084   Code   RO         3815    i.mpu_set_lpf       inv_mpu.o
    0x08006010   0x08006010   0x0000009c   Code   RO         3816    i.mpu_set_sample_rate  inv_mpu.o
    0x080060ac   0x080060ac   0x000000d0   Code   RO         3817    i.mpu_set_sensors   inv_mpu.o
    0x0800617c   0x0800617c   0x00000080   Code   RO         3818    i.mpu_write_mem     inv_mpu.o
    0x080061fc   0x080061fc   0x00000002   Code   RO         3819    i.myget_ms          inv_mpu.o
    0x080061fe   0x080061fe   0x00000002   PAD
    0x08006200   0x08006200   0x000000bc   Code   RO         4470    i.run_self_test     mpu6050.o
    0x080062bc   0x080062bc   0x00000090   Code   RO         3820    i.set_int_enable    inv_mpu.o
    0x0800634c   0x0800634c   0x0000004c   Code   RO         4927    i.sqrt              m_ws.l(sqrt.o)
    0x08006398   0x08006398   0x00000050   Data   RO         3821    .constdata          inv_mpu.o
    0x080063e8   0x080063e8   0x00000bf6   Data   RO         4097    .constdata          inv_mpu_dmp_motion_driver.o
    0x08006fde   0x08006fde   0x00000002   PAD
    0x08006fe0   0x08006fe0   0x00000050   Data   RO         4585    .constdata          m_ws.l(asin.o)
    0x08007030   0x08007030   0x00000098   Data   RO         4899    .constdata          m_ws.l(atan.o)
    0x080070c8   0x080070c8   0x00000008   Data   RO         4925    .constdata          m_ws.l(qnan.o)
    0x080070d0   0x080070d0   0x0000004e   Data   RO         3822    .conststring        inv_mpu.o
    0x0800711e   0x0800711e   0x00000002   PAD
    0x08007120   0x08007120   0x00000020   Data   RO         4985    Region$$Table       anon$$obj.o


    Execution Region ER_RW (Exec base: 0x20000000, Load base: 0x08007140, Size: 0x000000ac, Max: 0xffffffff, ABSOLUTE)

    Exec Addr    Load Addr    Size         Type   Attr      Idx    E Section Name        Object

    0x20000000   0x08007140   0x00000014   Data   RW           28    .data               system_stm32f10x.o
    0x20000014   0x08007154   0x00000014   Data   RW         1738    .data               stm32f10x_rcc.o
    0x20000028   0x08007168   0x00000004   Data   RW         3216    .data               stm32f10x_it.o
    0x2000002c   0x0800716c   0x00000008   Data   RW         3683    .data               hardware_i2c.o
    0x20000034   0x08007174   0x0000002c   Data   RW         3823    .data               inv_mpu.o
    0x20000060   0x080071a0   0x00000004   Data   RW         4247    .data               delay.o
    0x20000064   0x080071a4   0x00000040   Data   RW         4472    .data               mpu6050.o
    0x200000a4   0x080071e4   0x00000004   Data   RW         4948    .data               mc_w.l(stdout.o)
    0x200000a8   0x080071e8   0x00000004   Data   RW         4960    .data               mc_w.l(errno.o)


    Execution Region ER_ZI (Exec base: 0x200000ac, Load base: 0x080071ec, Size: 0x0000041c, Max: 0xffffffff, ABSOLUTE)

    Exec Addr    Load Addr    Size         Type   Attr      Idx    E Section Name        Object

    0x200000ac        -       0x0000000c   Zero   RW         3557    .bss                adc.o
    0x200000b8        -       0x00000010   Zero   RW         4096    .bss                inv_mpu_dmp_motion_driver.o
    0x200000c8        -       0x00000400   Zero   RW            1    STACK               startup_stm32f10x_hd.o


==============================================================================

Image component sizes


      Code (inc. data)   RO Data    RW Data    ZI Data      Debug   Object Name

       356         16          0          0         12       2033   adc.o
       118          4          0          0          0       1453   basetimer_6.o
        56          6          0          0          0        501   buzzer.o
         0          0          0          0          0       4572   core_cm3.o
       184         16          0          4          0       1739   delay.o
       316         14          0          0          0       1304   encoder.o
       190          8          0          0          0       1038   exti.o
       212         14          0          0          0       1551   generaltimer_3.o
       168         20          0          8          0       2202   hardware_i2c.o
      1262         94          0          0          0      10379   iic.o
      5878        280        158         44          0      26550   inv_mpu.o
      3096        122       3062          0         16      20146   inv_mpu_dmp_motion_driver.o
        64         10          0          0          0        490   key.o
       116         18          0          0          0       1807   main.o
       132         22          0          0          0       1655   misc.o
      1592        416          0         64          0      23606   mpu6050.o
       132         14          0          0          0        624   simulation_i2c.o
       192         14          0          0          0        621   spi.o
        36          8        304          0       1024        860   startup_stm32f10x_hd.o
       390         10          0          0          0       7769   stm32f10x_adc.o
       416          8          0          0          0       3574   stm32f10x_dma.o
       200         18          0          0          0       2268   stm32f10x_exti.o
       350          4          0          0          0       3838   stm32f10x_gpio.o
       260         14          0          0          0       3097   stm32f10x_i2c.o
       154         14          0          4          0       6393   stm32f10x_it.o
       332         44          0         20          0       5789   stm32f10x_rcc.o
        84          0          0          0          0       2253   stm32f10x_spi.o
      1194        150          0          0          0      13193   stm32f10x_tim.o
       348          6          0          0          0       5089   stm32f10x_usart.o
       328         28          0         20          0     286993   system_stm32f10x.o
       120         18          0          0          0      16154   systick.o
       218         12          0          0          0       1615   usart.o

    ----------------------------------------------------------------------
     18518       1422       3560        164       1052     461156   Object Totals
         0          0         32          0          0          0   (incl. Generated)
        24          0          4          0          0          0   (incl. Padding)

    ----------------------------------------------------------------------

      Code (inc. data)   RO Data    RW Data    ZI Data      Debug   Library Member Name

       624         52         80          0          0        168   asin.o
       544         70        152          0          0        124   atan.o
       384         38          0          0          0        144   atan2.o
        38          6          0          0          0        272   dunder.o
        40          0          0          0          0         68   fpclassify.o
       170          0          0          0          0         96   poly.o
         0          0          8          0          0          0   qnan.o
        76          0          0          0          0         84   sqrt.o
         0          0          0          0          0          0   entry.o
         0          0          0          0          0          0   entry10a.o
         0          0          0          0          0          0   entry11a.o
         8          4          0          0          0          0   entry2.o
         4          0          0          0          0          0   entry5.o
         0          0          0          0          0          0   entry7b.o
         0          0          0          0          0          0   entry8b.o
         8          4          0          0          0          0   entry9a.o
        12          6          0          4          0         68   errno.o
        30          0          0          0          0          0   handlers.o
        36          8          0          0          0         68   init.o
         0          0          0          0          0          0   iusefp.o
        98          0          0          0          0         84   ldiv.o
        30          0          0          0          0         68   llshl.o
        36          0          0          0          0         68   llsshr.o
        32          0          0          0          0         68   llushr.o
        26          0          0          0          0         80   memcmp.o
        36          0          0          0          0        108   memseta.o
      2258         90          0          0          0        452   printfa.o
         0          0          0          4          0          0   stdout.o
        44          0          0          0          0         80   uidiv.o
        98          0          0          0          0         92   uldiv.o
        48          0          0          0          0         68   cdrcmple.o
        20          0          0          0          0         68   cfcmple.o
        20          0          0          0          0         68   cfrcmple.o
        56          0          0          0          0         88   d2f.o
       334          0          0          0          0        148   dadd.o
       222          0          0          0          0        100   ddiv.o
       186          0          0          0          0        176   depilogue.o
        48          0          0          0          0         68   dfixul.o
       228          0          0          0          0         96   dmul.o
        46          0          0          0          0         80   dscalb.o
       162          0          0          0          0        100   dsqrt.o
        38          0          0          0          0         68   f2d.o
       176          0          0          0          0        140   fadd.o
       124          0          0          0          0         88   fdiv.o
       110          0          0          0          0        168   fepilogue.o
        50          0          0          0          0         68   ffixi.o
        40          0          0          0          0         68   ffixui.o
        18          0          0          0          0         68   fflti.o
        10          0          0          0          0         68   ffltui.o
       100          0          0          0          0         76   fmul.o

    ----------------------------------------------------------------------
      6674        278        240          8          0       4064   Library Totals
         6          0          0          0          0          0   (incl. Padding)

    ----------------------------------------------------------------------

      Code (inc. data)   RO Data    RW Data    ZI Data      Debug   Library Name

      1876        166        240          0          0        956   m_ws.l
      2756        112          0          8          0       1236   mc_w.l
      2036          0          0          0          0       1872   mf_w.l

    ----------------------------------------------------------------------
      6674        278        240          8          0       4064   Library Totals

    ----------------------------------------------------------------------

==============================================================================


      Code (inc. data)   RO Data    RW Data    ZI Data      Debug   

     25192       1700       3800        172       1052     454192   Grand Totals
     25192       1700       3800        172       1052     454192   ELF Image Totals
     25192       1700       3800        172          0          0   ROM Totals

==============================================================================

    Total RO  Size (Code + RO Data)                28992 (  28.31kB)
    Total RW  Size (RW Data + ZI Data)              1224 (   1.20kB)
    Total ROM Size (Code + RO Data + RW Data)      29164 (  28.48kB)

==============================================================================

